Archive member included to satisfy reference by file (symbol)

/opt/st/stm32cubeclt_1.18.0/GNU-tools-for-STM32/bin/../lib/gcc/arm-none-eabi/13.3.1/../../../../arm-none-eabi/lib/thumb/v7e-m+fp/hard/libstdc++_nano.a(atexit_arm.o)
                              CMakeFiles/sendai_2025.dir/Src/main.cpp.obj (__aeabi_atexit)
/opt/st/stm32cubeclt_1.18.0/GNU-tools-for-STM32/bin/../lib/gcc/arm-none-eabi/13.3.1/../../../../arm-none-eabi/lib/thumb/v7e-m+fp/hard/libstdc++_nano.a(del_op.o)
                              CMakeFiles/sendai_2025.dir/Src/main.cpp.obj (operator delete(void*))
/opt/st/stm32cubeclt_1.18.0/GNU-tools-for-STM32/bin/../lib/gcc/arm-none-eabi/13.3.1/../../../../arm-none-eabi/lib/thumb/v7e-m+fp/hard/libstdc++_nano.a(del_ops.o)
                              CMakeFiles/sendai_2025.dir/Src/main.cpp.obj (operator delete(void*, unsigned int))
/opt/st/stm32cubeclt_1.18.0/GNU-tools-for-STM32/bin/../lib/gcc/arm-none-eabi/13.3.1/../../../../arm-none-eabi/lib/thumb/v7e-m+fp/hard/libstdc++_nano.a(new_op.o)
                              CMakeFiles/sendai_2025.dir/Lib/RogiLinkFlex/Src/CommunicationBase.cpp.obj (operator new(unsigned int))
/opt/st/stm32cubeclt_1.18.0/GNU-tools-for-STM32/bin/../lib/gcc/arm-none-eabi/13.3.1/../../../../arm-none-eabi/lib/thumb/v7e-m+fp/hard/libstdc++_nano.a(tree.o)
                              CMakeFiles/sendai_2025.dir/Lib/RogiLinkFlex/Src/CommunicationBase.cpp.obj (std::_Rb_tree_increment(std::_Rb_tree_node_base*))
/opt/st/stm32cubeclt_1.18.0/GNU-tools-for-STM32/bin/../lib/gcc/arm-none-eabi/13.3.1/../../../../arm-none-eabi/lib/thumb/v7e-m+fp/hard/libstdc++_nano.a(functexcept.o)
                              CMakeFiles/sendai_2025.dir/Lib/RogiLinkFlex/Src/CommunicationBase.cpp.obj (std::__throw_bad_alloc())
/opt/st/stm32cubeclt_1.18.0/GNU-tools-for-STM32/bin/../lib/gcc/arm-none-eabi/13.3.1/../../../../arm-none-eabi/lib/thumb/v7e-m+fp/hard/libstdc++_nano.a(functional.o)
                              CMakeFiles/sendai_2025.dir/Src/main.cpp.obj (std::__throw_bad_function_call())
/opt/st/stm32cubeclt_1.18.0/GNU-tools-for-STM32/bin/../lib/gcc/arm-none-eabi/13.3.1/../../../../arm-none-eabi/lib/thumb/v7e-m+fp/hard/libstdc++_nano.a(eh_exception.o)
                              /opt/st/stm32cubeclt_1.18.0/GNU-tools-for-STM32/bin/../lib/gcc/arm-none-eabi/13.3.1/../../../../arm-none-eabi/lib/thumb/v7e-m+fp/hard/libstdc++_nano.a(functional.o) (std::exception::~exception())
/opt/st/stm32cubeclt_1.18.0/GNU-tools-for-STM32/bin/../lib/gcc/arm-none-eabi/13.3.1/../../../../arm-none-eabi/lib/thumb/v7e-m+fp/hard/libstdc++_nano.a(new_handler.o)
                              /opt/st/stm32cubeclt_1.18.0/GNU-tools-for-STM32/bin/../lib/gcc/arm-none-eabi/13.3.1/../../../../arm-none-eabi/lib/thumb/v7e-m+fp/hard/libstdc++_nano.a(new_op.o) (std::get_new_handler())
/opt/st/stm32cubeclt_1.18.0/GNU-tools-for-STM32/bin/../lib/gcc/arm-none-eabi/13.3.1/../../../../arm-none-eabi/lib/thumb/v7e-m+fp/hard/libstdc++_nano.a(si_class_type_info.o)
                              /opt/st/stm32cubeclt_1.18.0/GNU-tools-for-STM32/bin/../lib/gcc/arm-none-eabi/13.3.1/../../../../arm-none-eabi/lib/thumb/v7e-m+fp/hard/libstdc++_nano.a(functional.o) (vtable for __cxxabiv1::__si_class_type_info)
/opt/st/stm32cubeclt_1.18.0/GNU-tools-for-STM32/bin/../lib/gcc/arm-none-eabi/13.3.1/../../../../arm-none-eabi/lib/thumb/v7e-m+fp/hard/libstdc++_nano.a(tinfo.o)
                              /opt/st/stm32cubeclt_1.18.0/GNU-tools-for-STM32/bin/../lib/gcc/arm-none-eabi/13.3.1/../../../../arm-none-eabi/lib/thumb/v7e-m+fp/hard/libstdc++_nano.a(si_class_type_info.o) (std::type_info::__is_pointer_p() const)
/opt/st/stm32cubeclt_1.18.0/GNU-tools-for-STM32/bin/../lib/gcc/arm-none-eabi/13.3.1/../../../../arm-none-eabi/lib/thumb/v7e-m+fp/hard/libstdc++_nano.a(class_type_info.o)
                              /opt/st/stm32cubeclt_1.18.0/GNU-tools-for-STM32/bin/../lib/gcc/arm-none-eabi/13.3.1/../../../../arm-none-eabi/lib/thumb/v7e-m+fp/hard/libstdc++_nano.a(si_class_type_info.o) (__cxxabiv1::__class_type_info::__do_upcast(__cxxabiv1::__class_type_info const*, void**) const)
/opt/st/stm32cubeclt_1.18.0/GNU-tools-for-STM32/bin/../lib/gcc/arm-none-eabi/13.3.1/../../../../arm-none-eabi/lib/thumb/v7e-m+fp/hard/libc_nano.a(libc_a-abort.o)
                              /opt/st/stm32cubeclt_1.18.0/GNU-tools-for-STM32/bin/../lib/gcc/arm-none-eabi/13.3.1/../../../../arm-none-eabi/lib/thumb/v7e-m+fp/hard/libstdc++_nano.a(new_op.o) (abort)
/opt/st/stm32cubeclt_1.18.0/GNU-tools-for-STM32/bin/../lib/gcc/arm-none-eabi/13.3.1/../../../../arm-none-eabi/lib/thumb/v7e-m+fp/hard/libc_nano.a(libc_a-exit.o)
                              /opt/st/stm32cubeclt_1.18.0/GNU-tools-for-STM32/bin/../lib/gcc/arm-none-eabi/13.3.1/../../../../arm-none-eabi/lib/thumb/v7e-m+fp/hard/crt0.o (exit)
/opt/st/stm32cubeclt_1.18.0/GNU-tools-for-STM32/bin/../lib/gcc/arm-none-eabi/13.3.1/../../../../arm-none-eabi/lib/thumb/v7e-m+fp/hard/libc_nano.a(libc_a-malloc.o)
[...]
Memory Configuration

Name             Origin             Length             Attributes
RAM              0x20000000         0x00020000         xrw
FLASH            0x08000000         0x00080000         xr
*default*        0x00000000         0xffffffff

Linker script and memory map

LOAD /opt/st/stm32cubeclt_1.18.0/GNU-tools-for-STM32/bin/../lib/gcc/arm-none-eabi/13.3.1/thumb/v7e-m+fp/hard/crti.o
LOAD /opt/st/stm32cubeclt_1.18.0/GNU-tools-for-STM32/bin/../lib/gcc/arm-none-eabi/13.3.1/thumb/v7e-m+fp/hard/crtbegin.o
LOAD /opt/st/stm32cubeclt_1.18.0/GNU-tools-for-STM32/bin/../lib/gcc/arm-none-eabi/13.3.1/../../../../arm-none-eabi/lib/thumb/v7e-m+fp/hard/crt0.o
START GROUP
END GROUP
START GROUP
LOAD /opt/st/stm32cubeclt_1.18.0/GNU-tools-for-STM32/bin/../lib/gcc/arm-none-eabi/13.3.1/../../../../arm-none-eabi/lib/thumb/v7e-m+fp/hard/libstdc++_nano.a
LOAD /opt/st/stm32cubeclt_1.18.0/GNU-tools-for-STM32/bin/../lib/gcc/arm-none-eabi/13.3.1/../../../../arm-none-eabi/lib/thumb/v7e-m+fp/hard/libsupc++_nano.a
END GROUP
LOAD cmake/stm32cubemx/CMakeFiles/STM32_Drivers.dir/__/__/Core/Src/system_stm32f4xx.c.obj
LOAD cmake/stm32cubemx/CMakeFiles/STM32_Drivers.dir/__/__/Drivers/STM32F4xx_HAL_Driver/Src/stm32f4xx_hal_tim.c.obj
LOAD cmake/stm32cubemx/CMakeFiles/STM32_Drivers.dir/__/__/Drivers/STM32F4xx_HAL_Driver/Src/stm32f4xx_hal_tim_ex.c.obj
LOAD cmake/stm32cubemx/CMakeFiles/STM32_Drivers.dir/__/__/Drivers/STM32F4xx_HAL_Driver/Src/stm32f4xx_hal_rcc.c.obj
LOAD cmake/stm32cubemx/CMakeFiles/STM32_Drivers.dir/__/__/Drivers/STM32F4xx_HAL_Driver/Src/stm32f4xx_hal_rcc_ex.c.obj
LOAD cmake/stm32cubemx/CMakeFiles/STM32_Drivers.dir/__/__/Drivers/STM32F4xx_HAL_Driver/Src/stm32f4xx_hal_flash.c.obj
LOAD cmake/stm32cubemx/CMakeFiles/STM32_Drivers.dir/__/__/Drivers/STM32F4xx_HAL_Driver/Src/stm32f4xx_hal_flash_ex.c.obj
LOAD cmake/stm32cubemx/CMakeFiles/STM32_Drivers.dir/__/__/Drivers/STM32F4xx_HAL_Driver/Src/stm32f4xx_hal_flash_ramfunc.c.obj
LOAD cmake/stm32cubemx/CMakeFiles/STM32_Drivers.dir/__/__/Drivers/STM32F4xx_HAL_Driver/Src/stm32f4xx_hal_gpio.c.obj
LOAD cmake/stm32cubemx/CMakeFiles/STM32_Drivers.dir/__/__/Drivers/STM32F4xx_HAL_Driver/Src/stm32f4xx_hal_dma_ex.c.obj
LOAD cmake/stm32cubemx/CMakeFiles/STM32_Drivers.dir/__/__/Drivers/STM32F4xx_HAL_Driver/Src/stm32f4xx_hal_dma.c.obj
LOAD cmake/stm32cubemx/CMakeFiles/STM32_Drivers.dir/__/__/Drivers/STM32F4xx_HAL_Driver/Src/stm32f4xx_hal_pwr.c.obj
LOAD cmake/stm32cubemx/CMakeFiles/STM32_Drivers.dir/__/__/Drivers/STM32F4xx_HAL_Driver/Src/stm32f4xx_hal_pwr_ex.c.obj
LOAD cmake/stm32cubemx/CMakeFiles/STM32_Drivers.dir/__/__/Drivers/STM32F4xx_HAL_Driver/Src/stm32f4xx_hal_cortex.c.obj
LOAD cmake/stm32cubemx/CMakeFiles/STM32_Drivers.dir/__/__/Drivers/STM32F4xx_HAL_Driver/Src/stm32f4xx_hal.c.obj
LOAD cmake/stm32cubemx/CMakeFiles/STM32_Drivers.dir/__/__/Drivers/STM32F4xx_HAL_Driver/Src/stm32f4xx_hal_exti.c.obj
LOAD cmake/stm32cubemx/CMakeFiles/STM32_Drivers.dir/__/__/Drivers/STM32F4xx_HAL_Driver/Src/stm32f4xx_hal_uart.c.obj
LOAD CMakeFiles/sendai_2025.dir/Core/Src/main.c.obj
LOAD CMakeFiles/sendai_2025.dir/Core/Src/gpio.c.obj
LOAD CMakeFiles/sendai_2025.dir/Core/Src/tim.c.obj
LOAD CMakeFiles/sendai_2025.dir/Core/Src/usart.c.obj
LOAD CMakeFiles/sendai_2025.dir/Core/Src/stm32f4xx_it.c.obj
LOAD CMakeFiles/sendai_2025.dir/Core/Src/stm32f4xx_hal_msp.c.obj
LOAD CMakeFiles/sendai_2025.dir/Core/Src/sysmem.c.obj
LOAD CMakeFiles/sendai_2025.dir/Core/Src/syscalls.c.obj
LOAD CMakeFiles/sendai_2025.dir/startup_stm32f446xx.s.obj
LOAD CMakeFiles/sendai_2025.dir/Src/main.cpp.obj
LOAD CMakeFiles/sendai_2025.dir/Lib/DCMotor/Src/DCMotor.cpp.obj
LOAD CMakeFiles/sendai_2025.dir/Lib/RogiLinkFlex/Src/CommunicationBase.cpp.obj
LOAD CMakeFiles/sendai_2025.dir/Lib/RogiLinkFlex/Src/UartLink.cpp.obj
LOAD /opt/st/stm32cubeclt_1.18.0/GNU-tools-for-STM32/bin/../lib/gcc/arm-none-eabi/13.3.1/../../../../arm-none-eabi/lib/thumb/v7e-m+fp/hard/libstdc++_nano.a
LOAD /opt/st/stm32cubeclt_1.18.0/GNU-tools-for-STM32/bin/../lib/gcc/arm-none-eabi/13.3.1/../../../../arm-none-eabi/lib/thumb/v7e-m+fp/hard/libm.a
LOAD /opt/st/stm32cubeclt_1.18.0/GNU-tools-for-STM32/bin/../lib/gcc/arm-none-eabi/13.3.1/../../../../arm-none-eabi/lib/thumb/v7e-m+fp/hard/libc_nano.a
START GROUP
LOAD /opt/st/stm32cubeclt_1.18.0/GNU-tools-for-STM32/bin/../lib/gcc/arm-none-eabi/13.3.1/thumb/v7e-m+fp/hard/libgcc.a
LOAD /opt/st/stm32cubeclt_1.18.0/GNU-tools-for-STM32/bin/../lib/gcc/arm-none-eabi/13.3.1/../../../../arm-none-eabi/lib/thumb/v7e-m+fp/hard/libg_nano.a
LOAD /opt/st/stm32cubeclt_1.18.0/GNU-tools-for-STM32/bin/../lib/gcc/arm-none-eabi/13.3.1/../../../../arm-none-eabi/lib/thumb/v7e-m+fp/hard/libc_nano.a
END GROUP
START GROUP
LOAD /opt/st/stm32cubeclt_1.18.0/GNU-tools-for-STM32/bin/../lib/gcc/arm-none-eabi/13.3.1/thumb/v7e-m+fp/hard/libgcc.a
LOAD /opt/st/stm32cubeclt_1.18.0/GNU-tools-for-STM32/bin/../lib/gcc/arm-none-eabi/13.3.1/../../../../arm-none-eabi/lib/thumb/v7e-m+fp/hard/libc_nano.a
END GROUP
LOAD /opt/st/stm32cubeclt_1.18.0/GNU-tools-for-STM32/bin/../lib/gcc/arm-none-eabi/13.3.1/thumb/v7e-m+fp/hard/crtend.o
LOAD /opt/st/stm32cubeclt_1.18.0/GNU-tools-for-STM32/bin/../lib/gcc/arm-none-eabi/13.3.1/thumb/v7e-m+fp/hard/crtn.o
                0x20020000                        _estack = (ORIGIN (RAM) + LENGTH (RAM))
                0x00000200                        _Min_Heap_Size = 0x200
                0x00000400                        _Min_Stack_Size = 0x400

.isr_vector     0x08000000      0x1c4
                0x08000000                        . = ALIGN (0x4)
 *(.isr_vector)
 .isr_vector    0x08000000      0x1c4 CMakeFiles/sendai_2025.dir/startup_stm32f446xx.s.obj
                0x08000000                g_pfnVectors
                0x080001c4                        . = ALIGN (0x4)

.text           0x080001c4     0xabe4
                0x080001c4                        . = ALIGN (0x4)
 *(.text)
 .text          0x080001c4       0x40 /opt/st/stm32cubeclt_1.18.0/GNU-tools-for-STM32/bin/../lib/gcc/arm-none-eabi/13.3.1/thumb/v7e-m+fp/hard/crtbegin.o
 .text          0x08000204       0x30 /opt/st/stm32cubeclt_1.18.0/GNU-tools-for-STM32/bin/../lib/gcc/arm-none-eabi/13.3.1/thumb/v7e-m+fp/hard/libgcc.a(_aeabi_uldivmod.o)
                0x08000204                __aeabi_uldivmod
 .text          0x08000234      0x2f8 /opt/st/stm32cubeclt_1.18.0/GNU-tools-for-STM32/bin/../lib/gcc/arm-none-eabi/13.3.1/thumb/v7e-m+fp/hard/libgcc.a(_udivmoddi4.o)
                0x08000234                __udivmoddi4
 .text          0x0800052c        0x4 /opt/st/stm32cubeclt_1.18.0/GNU-tools-for-STM32/bin/../lib/gcc/arm-none-eabi/13.3.1/thumb/v7e-m+fp/hard/libgcc.a(_dvmd_tls.o)
                0x0800052c                __aeabi_ldiv0
                0x0800052c                __aeabi_idiv0
 *(.text*)
 .text.SystemInit
                0x08000530       0x24 cmake/stm32cubemx/CMakeFiles/STM32_Drivers.dir/__/__/Core/Src/system_stm32f4xx.c.obj
                0x08000530                SystemInit
 .text.HAL_TIM_Base_Init
                0x08000554       0x9e cmake/stm32cubemx/CMakeFiles/STM32_Drivers.dir/__/__/Drivers/STM32F4xx_HAL_Driver/Src/stm32f4xx_hal_tim.c.obj
                0x08000554                HAL_TIM_Base_Init
 .text.HAL_TIM_PWM_Init
                0x080005f2       0x9e cmake/stm32cubemx/CMakeFiles/STM32_Drivers.dir/__/__/Drivers/STM32F4xx_HAL_Driver/Src/stm32f4xx_hal_tim.c.obj
                0x080005f2                HAL_TIM_PWM_Init
 .text.HAL_TIM_PWM_Start
                0x08000690      0x190 cmake/stm32cubemx/CMakeFiles/STM32_Drivers.dir/__/__/Drivers/STM32F4xx_HAL_Driver/Src/stm32f4xx_hal_tim.c.obj
                0x08000690                HAL_TIM_PWM_Start
 .text.HAL_TIM_IRQHandler
                0x08000820      0x1e0 cmake/stm32cubemx/CMakeFiles/STM32_Drivers.dir/__/__/Drivers/STM32F4xx_HAL_Driver/Src/stm32f4xx_hal_tim.c.obj
                0x08000820                HAL_TIM_IRQHandler
 .text.HAL_TIM_PWM_ConfigChannel
                0x08000a00      0x184 cmake/stm32cubemx/CMakeFiles/STM32_Drivers.dir/__/__/Drivers/STM32F4xx_HAL_Driver/Src/stm32f4xx_hal_tim.c.obj
                0x08000a00                HAL_TIM_PWM_ConfigChannel
 .text.HAL_TIM_ConfigClockSource
                0x08000b84      0x18e cmake/stm32cubemx/CMakeFiles/STM32_Drivers.dir/__/__/Drivers/STM32F4xx_HAL_Driver/Src/stm32f4xx_hal_tim.c.obj
                0x08000b84                HAL_TIM_ConfigClockSource
 .text.HAL_TIM_PeriodElapsedCallback
                0x08000d12       0x14 cmake/stm32cubemx/CMakeFiles/STM32_Drivers.dir/__/__/Drivers/STM32F4xx_HAL_Driver/Src/stm32f4xx_hal_tim.c.obj
                0x08000d12                HAL_TIM_PeriodElapsedCallback
 .text.HAL_TIM_OC_DelayElapsedCallback
                0x08000d26       0x14 cmake/stm32cubemx/CMakeFiles/STM32_Drivers.dir/__/__/Drivers/STM32F4xx_HAL_Driver/Src/stm32f4xx_hal_tim.c.obj
                0x08000d26                HAL_TIM_OC_DelayElapsedCallback
 .text.HAL_TIM_IC_CaptureCallback
                0x08000d3a       0x14 cmake/stm32cubemx/CMakeFiles/STM32_Drivers.dir/__/__/Drivers/STM32F4xx_HAL_Driver/Src/stm32f4xx_hal_tim.c.obj
                0x08000d3a                HAL_TIM_IC_CaptureCallback
 .text.HAL_TIM_PWM_PulseFinishedCallback
                0x08000d4e       0x14 cmake/stm32cubemx/CMakeFiles/STM32_Drivers.dir/__/__/Drivers/STM32F4xx_HAL_Driver/Src/stm32f4xx_hal_tim.c.obj
                0x08000d4e                HAL_TIM_PWM_PulseFinishedCallback
 .text.HAL_TIM_TriggerCallback
                0x08000d62       0x14 cmake/stm32cubemx/CMakeFiles/STM32_Drivers.dir/__/__/Drivers/STM32F4xx_HAL_Driver/Src/stm32f4xx_hal_tim.c.obj
                0x08000d62                HAL_TIM_TriggerCallback
 *fill*         0x08000d76        0x2 
 .text.TIM_Base_SetConfig
                0x08000d78      0x14c cmake/stm32cubemx/CMakeFiles/STM32_Drivers.dir/__/__/Drivers/STM32F4xx_HAL_Driver/Src/stm32f4xx_hal_tim.c.obj
                0x08000d78                TIM_Base_SetConfig
 .text.TIM_OC1_SetConfig
                0x08000ec4       0xe0 cmake/stm32cubemx/CMakeFiles/STM32_Drivers.dir/__/__/Drivers/STM32F4xx_HAL_Driver/Src/stm32f4xx_hal_tim.c.obj
 .text.TIM_OC2_SetConfig
                0x08000fa4       0xec cmake/stm32cubemx/CMakeFiles/STM32_Drivers.dir/__/__/Drivers/STM32F4xx_HAL_Driver/Src/stm32f4xx_hal_tim.c.obj
                0x08000fa4                TIM_OC2_SetConfig
 .text.TIM_OC3_SetConfig
                0x08001090       0xe8 cmake/stm32cubemx/CMakeFiles/STM32_Drivers.dir/__/__/Drivers/STM32F4xx_HAL_Driver/Src/stm32f4xx_hal_tim.c.obj
 .text.TIM_OC4_SetConfig
                0x08001178       0xac cmake/stm32cubemx/CMakeFiles/STM32_Drivers.dir/__/__/Drivers/STM32F4xx_HAL_Driver/Src/stm32f4xx_hal_tim.c.obj
 .text.TIM_TI1_ConfigInputStage
                0x08001224       0x5e cmake/stm32cubemx/CMakeFiles/STM32_Drivers.dir/__/__/Drivers/STM32F4xx_HAL_Driver/Src/stm32f4xx_hal_tim.c.obj
 .text.TIM_TI2_ConfigInputStage
                0x08001282       0x60 cmake/stm32cubemx/CMakeFiles/STM32_Drivers.dir/__/__/Drivers/STM32F4xx_HAL_Driver/Src/stm32f4xx_hal_tim.c.obj
 .text.TIM_ITRx_SetConfig
                0x080012e2       0x36 cmake/stm32cubemx/CMakeFiles/STM32_Drivers.dir/__/__/Drivers/STM32F4xx_HAL_Driver/Src/stm32f4xx_hal_tim.c.obj
 .text.TIM_ETR_SetConfig
                0x08001318       0x40 cmake/stm32cubemx/CMakeFiles/STM32_Drivers.dir/__/__/Drivers/STM32F4xx_HAL_Driver/Src/stm32f4xx_hal_tim.c.obj
                0x08001318                TIM_ETR_SetConfig
 .text.TIM_CCxChannelCmd
                0x08001358       0x4a cmake/stm32cubemx/CMakeFiles/STM32_Drivers.dir/__/__/Drivers/STM32F4xx_HAL_Driver/Src/stm32f4xx_hal_tim.c.obj
                0x08001358                TIM_CCxChannelCmd
 *fill*         0x080013a2        0x2 
 .text.HAL_TIMEx_MasterConfigSynchronization
                0x080013a4       0xf8 cmake/stm32cubemx/CMakeFiles/STM32_Drivers.dir/__/__/Drivers/STM32F4xx_HAL_Driver/Src/stm32f4xx_hal_tim_ex.c.obj
                0x080013a4                HAL_TIMEx_MasterConfigSynchronization
 .text.HAL_TIMEx_ConfigBreakDeadTime
                0x0800149c       0xa4 cmake/stm32cubemx/CMakeFiles/STM32_Drivers.dir/__/__/Drivers/STM32F4xx_HAL_Driver/Src/stm32f4xx_hal_tim_ex.c.obj
                0x0800149c                HAL_TIMEx_ConfigBreakDeadTime
 .text.HAL_TIMEx_CommutCallback
                0x08001540       0x14 cmake/stm32cubemx/CMakeFiles/STM32_Drivers.dir/__/__/Drivers/STM32F4xx_HAL_Driver/Src/stm32f4xx_hal_tim_ex.c.obj
                0x08001540                HAL_TIMEx_CommutCallback
 .text.HAL_TIMEx_BreakCallback
                0x08001554       0x14 cmake/stm32cubemx/CMakeFiles/STM32_Drivers.dir/__/__/Drivers/STM32F4xx_HAL_Driver/Src/stm32f4xx_hal_tim_ex.c.obj
                0x08001554                HAL_TIMEx_BreakCallback
 .text.HAL_RCC_ClockConfig
                0x08001568      0x1cc cmake/stm32cubemx/CMakeFiles/STM32_Drivers.dir/__/__/Drivers/STM32F4xx_HAL_Driver/Src/stm32f4xx_hal_rcc.c.obj
                0x08001568                HAL_RCC_ClockConfig
 .text.HAL_RCC_GetHCLKFreq
                0x08001734       0x18 cmake/stm32cubemx/CMakeFiles/STM32_Drivers.dir/__/__/Drivers/STM32F4xx_HAL_Driver/Src/stm32f4xx_hal_rcc.c.obj
                0x08001734                HAL_RCC_GetHCLKFreq
 .text.HAL_RCC_GetPCLK1Freq
                0x0800174c       0x28 cmake/stm32cubemx/CMakeFiles/STM32_Drivers.dir/__/__/Drivers/STM32F4xx_HAL_Driver/Src/stm32f4xx_hal_rcc.c.obj
                0x0800174c                HAL_RCC_GetPCLK1Freq
 .text.HAL_RCC_GetPCLK2Freq
                0x08001774       0x28 cmake/stm32cubemx/CMakeFiles/STM32_Drivers.dir/__/__/Drivers/STM32F4xx_HAL_Driver/Src/stm32f4xx_hal_rcc.c.obj
                0x08001774                HAL_RCC_GetPCLK2Freq
 .text.HAL_RCC_GetSysClockFreq
                0x0800179c      0x460 cmake/stm32cubemx/CMakeFiles/STM32_Drivers.dir/__/__/Drivers/STM32F4xx_HAL_Driver/Src/stm32f4xx_hal_rcc_ex.c.obj
                0x0800179c                HAL_RCC_GetSysClockFreq
 .text.HAL_RCC_OscConfig
                0x08001bfc      0x53c cmake/stm32cubemx/CMakeFiles/STM32_Drivers.dir/__/__/Drivers/STM32F4xx_HAL_Driver/Src/stm32f4xx_hal_rcc_ex.c.obj
                0x08001bfc                HAL_RCC_OscConfig
 .text.HAL_GPIO_Init
                0x08002138      0x328 cmake/stm32cubemx/CMakeFiles/STM32_Drivers.dir/__/__/Drivers/STM32F4xx_HAL_Driver/Src/stm32f4xx_hal_gpio.c.obj
                0x08002138                HAL_GPIO_Init
 .text.HAL_GPIO_WritePin
                0x08002460       0x32 cmake/stm32cubemx/CMakeFiles/STM32_Drivers.dir/__/__/Drivers/STM32F4xx_HAL_Driver/Src/stm32f4xx_hal_gpio.c.obj
                0x08002460                HAL_GPIO_WritePin
 .text.HAL_DMA_Abort
                0x08002492       0xe0 cmake/stm32cubemx/CMakeFiles/STM32_Drivers.dir/__/__/Drivers/STM32F4xx_HAL_Driver/Src/stm32f4xx_hal_dma.c.obj
                0x08002492                HAL_DMA_Abort
 .text.HAL_DMA_Abort_IT
                0x08002572       0x44 cmake/stm32cubemx/CMakeFiles/STM32_Drivers.dir/__/__/Drivers/STM32F4xx_HAL_Driver/Src/stm32f4xx_hal_dma.c.obj
                0x08002572                HAL_DMA_Abort_IT
 *fill*         0x080025b6        0x2 
 .text.__NVIC_SetPriorityGrouping
                0x080025b8       0x48 cmake/stm32cubemx/CMakeFiles/STM32_Drivers.dir/__/__/Drivers/STM32F4xx_HAL_Driver/Src/stm32f4xx_hal_cortex.c.obj
 .text.__NVIC_GetPriorityGrouping
                0x08002600       0x1c cmake/stm32cubemx/CMakeFiles/STM32_Drivers.dir/__/__/Drivers/STM32F4xx_HAL_Driver/Src/stm32f4xx_hal_cortex.c.obj
 .text.__NVIC_EnableIRQ
                0x0800261c       0x3c cmake/stm32cubemx/CMakeFiles/STM32_Drivers.dir/__/__/Drivers/STM32F4xx_HAL_Driver/Src/stm32f4xx_hal_cortex.c.obj
 .text.__NVIC_SetPriority
                0x08002658       0x54 cmake/stm32cubemx/CMakeFiles/STM32_Drivers.dir/__/__/Drivers/STM32F4xx_HAL_Driver/Src/stm32f4xx_hal_cortex.c.obj
 .text.NVIC_EncodePriority
                0x080026ac       0x66 cmake/stm32cubemx/CMakeFiles/STM32_Drivers.dir/__/__/Drivers/STM32F4xx_HAL_Driver/Src/stm32f4xx_hal_cortex.c.obj
 *fill*         0x08002712        0x2 
 .text.SysTick_Config
                0x08002714       0x44 cmake/stm32cubemx/CMakeFiles/STM32_Drivers.dir/__/__/Drivers/STM32F4xx_HAL_Driver/Src/stm32f4xx_hal_cortex.c.obj
 .text.HAL_NVIC_SetPriorityGrouping
                0x08002758       0x16 cmake/stm32cubemx/CMakeFiles/STM32_Drivers.dir/__/__/Drivers/STM32F4xx_HAL_Driver/Src/stm32f4xx_hal_cortex.c.obj
                0x08002758                HAL_NVIC_SetPriorityGrouping
 .text.HAL_NVIC_SetPriority
                0x0800276e       0x38 cmake/stm32cubemx/CMakeFiles/STM32_Drivers.dir/__/__/Drivers/STM32F4xx_HAL_Driver/Src/stm32f4xx_hal_cortex.c.obj
                0x0800276e                HAL_NVIC_SetPriority
 .text.HAL_NVIC_EnableIRQ
                0x080027a6       0x1c cmake/stm32cubemx/CMakeFiles/STM32_Drivers.dir/__/__/Drivers/STM32F4xx_HAL_Driver/Src/stm32f4xx_hal_cortex.c.obj
                0x080027a6                HAL_NVIC_EnableIRQ
 .text.HAL_SYSTICK_Config
                0x080027c2       0x18 cmake/stm32cubemx/CMakeFiles/STM32_Drivers.dir/__/__/Drivers/STM32F4xx_HAL_Driver/Src/stm32f4xx_hal_cortex.c.obj
                0x080027c2                HAL_SYSTICK_Config
 *fill*         0x080027da        0x2 
 .text.HAL_Init
                0x080027dc       0x44 cmake/stm32cubemx/CMakeFiles/STM32_Drivers.dir/__/__/Drivers/STM32F4xx_HAL_Driver/Src/stm32f4xx_hal.c.obj
                0x080027dc                HAL_Init
 .text.HAL_InitTick
                0x08002820       0x60 cmake/stm32cubemx/CMakeFiles/STM32_Drivers.dir/__/__/Drivers/STM32F4xx_HAL_Driver/Src/stm32f4xx_hal.c.obj
                0x08002820                HAL_InitTick
 .text.HAL_IncTick
                0x08002880       0x28 cmake/stm32cubemx/CMakeFiles/STM32_Drivers.dir/__/__/Drivers/STM32F4xx_HAL_Driver/Src/stm32f4xx_hal.c.obj
                0x08002880                HAL_IncTick
 .text.HAL_GetTick
                0x080028a8       0x18 cmake/stm32cubemx/CMakeFiles/STM32_Drivers.dir/__/__/Drivers/STM32F4xx_HAL_Driver/Src/stm32f4xx_hal.c.obj
                0x080028a8                HAL_GetTick
 .text.HAL_UART_Init
                0x080028c0       0xa0 cmake/stm32cubemx/CMakeFiles/STM32_Drivers.dir/__/__/Drivers/STM32F4xx_HAL_Driver/Src/stm32f4xx_hal_uart.c.obj
                0x080028c0                HAL_UART_Init
 .text.HAL_UART_Transmit
                0x08002960      0x116 cmake/stm32cubemx/CMakeFiles/STM32_Drivers.dir/__/__/Drivers/STM32F4xx_HAL_Driver/Src/stm32f4xx_hal_uart.c.obj
                0x08002960                HAL_UART_Transmit
 .text.HAL_UART_Receive_IT
                0x08002a76       0x4a cmake/stm32cubemx/CMakeFiles/STM32_Drivers.dir/__/__/Drivers/STM32F4xx_HAL_Driver/Src/stm32f4xx_hal_uart.c.obj
                0x08002a76                HAL_UART_Receive_IT
 .text.HAL_UART_IRQHandler
                0x08002ac0      0x554 cmake/stm32cubemx/CMakeFiles/STM32_Drivers.dir/__/__/Drivers/STM32F4xx_HAL_Driver/Src/stm32f4xx_hal_uart.c.obj
                0x08002ac0                HAL_UART_IRQHandler
 .text.HAL_UART_TxCpltCallback
                0x08003014       0x14 cmake/stm32cubemx/CMakeFiles/STM32_Drivers.dir/__/__/Drivers/STM32F4xx_HAL_Driver/Src/stm32f4xx_hal_uart.c.obj
                0x08003014                HAL_UART_TxCpltCallback
 .text.HAL_UART_ErrorCallback
                0x08003028       0x14 cmake/stm32cubemx/CMakeFiles/STM32_Drivers.dir/__/__/Drivers/STM32F4xx_HAL_Driver/Src/stm32f4xx_hal_uart.c.obj
                0x08003028                HAL_UART_ErrorCallback
 .text.HAL_UARTEx_RxEventCallback
                0x0800303c       0x18 cmake/stm32cubemx/CMakeFiles/STM32_Drivers.dir/__/__/Drivers/STM32F4xx_HAL_Driver/Src/stm32f4xx_hal_uart.c.obj
                0x0800303c                HAL_UARTEx_RxEventCallback
 .text.UART_WaitOnFlagUntilTimeout
                0x08003054       0xb2 cmake/stm32cubemx/CMakeFiles/STM32_Drivers.dir/__/__/Drivers/STM32F4xx_HAL_Driver/Src/stm32f4xx_hal_uart.c.obj
 .text.UART_Start_Receive_IT
                0x08003106       0x74 cmake/stm32cubemx/CMakeFiles/STM32_Drivers.dir/__/__/Drivers/STM32F4xx_HAL_Driver/Src/stm32f4xx_hal_uart.c.obj
                0x08003106                UART_Start_Receive_IT
 .text.UART_EndRxTransfer
                0x0800317a       0xc6 cmake/stm32cubemx/CMakeFiles/STM32_Drivers.dir/__/__/Drivers/STM32F4xx_HAL_Driver/Src/stm32f4xx_hal_uart.c.obj
 .text.UART_DMAAbortOnError
                0x08003240       0x22 cmake/stm32cubemx/CMakeFiles/STM32_Drivers.dir/__/__/Drivers/STM32F4xx_HAL_Driver/Src/stm32f4xx_hal_uart.c.obj
 .text.UART_Transmit_IT
                0x08003262       0xa0 cmake/stm32cubemx/CMakeFiles/STM32_Drivers.dir/__/__/Drivers/STM32F4xx_HAL_Driver/Src/stm32f4xx_hal_uart.c.obj
 .text.UART_EndTransmit_IT
                0x08003302       0x30 cmake/stm32cubemx/CMakeFiles/STM32_Drivers.dir/__/__/Drivers/STM32F4xx_HAL_Driver/Src/stm32f4xx_hal_uart.c.obj
 .text.UART_Receive_IT
                0x08003332      0x17c cmake/stm32cubemx/CMakeFiles/STM32_Drivers.dir/__/__/Drivers/STM32F4xx_HAL_Driver/Src/stm32f4xx_hal_uart.c.obj
 *fill*         0x080034ae        0x2 
 .text.UART_SetConfig
                0x080034b0      0x4e8 cmake/stm32cubemx/CMakeFiles/STM32_Drivers.dir/__/__/Drivers/STM32F4xx_HAL_Driver/Src/stm32f4xx_hal_uart.c.obj
 .text.main     0x08003998       0x36 CMakeFiles/sendai_2025.dir/Core/Src/main.c.obj
                0x08003998                main
 *fill*         0x080039ce        0x2 
 .text.SystemClock_Config
                0x080039d0       0xdc CMakeFiles/sendai_2025.dir/Core/Src/main.c.obj
                0x080039d0                SystemClock_Config
 .text.Error_Handler
                0x08003aac        0xc CMakeFiles/sendai_2025.dir/Core/Src/main.c.obj
                0x08003aac                Error_Handler
 .text.MX_GPIO_Init
                0x08003ab8      0x14c CMakeFiles/sendai_2025.dir/Core/Src/gpio.c.obj
                0x08003ab8                MX_GPIO_Init
 .text.MX_TIM1_Init
                0x08003c04      0x138 CMakeFiles/sendai_2025.dir/Core/Src/tim.c.obj
                0x08003c04                MX_TIM1_Init
 .text.MX_TIM2_Init
                0x08003d3c       0xb0 CMakeFiles/sendai_2025.dir/Core/Src/tim.c.obj
                0x08003d3c                MX_TIM2_Init
 .text.MX_TIM3_Init
                0x08003dec       0xc8 CMakeFiles/sendai_2025.dir/Core/Src/tim.c.obj
                0x08003dec                MX_TIM3_Init
 .text.MX_TIM5_Init
                0x08003eb4       0x9c CMakeFiles/sendai_2025.dir/Core/Src/tim.c.obj
                0x08003eb4                MX_TIM5_Init
 .text.MX_TIM6_Init
                0x08003f50       0x6c CMakeFiles/sendai_2025.dir/Core/Src/tim.c.obj
                0x08003f50                MX_TIM6_Init
 .text.MX_TIM7_Init
                0x08003fbc       0x6c CMakeFiles/sendai_2025.dir/Core/Src/tim.c.obj
                0x08003fbc                MX_TIM7_Init
 .text.HAL_TIM_PWM_MspInit
                0x08004028       0x98 CMakeFiles/sendai_2025.dir/Core/Src/tim.c.obj
                0x08004028                HAL_TIM_PWM_MspInit
 .text.HAL_TIM_Base_MspInit
                0x080040c0       0xc8 CMakeFiles/sendai_2025.dir/Core/Src/tim.c.obj
                0x080040c0                HAL_TIM_Base_MspInit
 .text.HAL_TIM_MspPostInit
                0x08004188      0x10c CMakeFiles/sendai_2025.dir/Core/Src/tim.c.obj
                0x08004188                HAL_TIM_MspPostInit
 .text.MX_USART2_UART_Init
                0x08004294       0x54 CMakeFiles/sendai_2025.dir/Core/Src/usart.c.obj
                0x08004294                MX_USART2_UART_Init
 .text.HAL_UART_MspInit
                0x080042e8       0x90 CMakeFiles/sendai_2025.dir/Core/Src/usart.c.obj
                0x080042e8                HAL_UART_MspInit
 .text.NMI_Handler
                0x08004378        0x8 CMakeFiles/sendai_2025.dir/Core/Src/stm32f4xx_it.c.obj
                0x08004378                NMI_Handler
 .text.HardFault_Handler
                0x08004380        0x8 CMakeFiles/sendai_2025.dir/Core/Src/stm32f4xx_it.c.obj
                0x08004380                HardFault_Handler
 .text.MemManage_Handler
                0x08004388        0x8 CMakeFiles/sendai_2025.dir/Core/Src/stm32f4xx_it.c.obj
                0x08004388                MemManage_Handler
 .text.BusFault_Handler
                0x08004390        0x8 CMakeFiles/sendai_2025.dir/Core/Src/stm32f4xx_it.c.obj
                0x08004390                BusFault_Handler
 .text.UsageFault_Handler
                0x08004398        0x8 CMakeFiles/sendai_2025.dir/Core/Src/stm32f4xx_it.c.obj
                0x08004398                UsageFault_Handler
 .text.SVC_Handler
                0x080043a0        0xe CMakeFiles/sendai_2025.dir/Core/Src/stm32f4xx_it.c.obj
                0x080043a0                SVC_Handler
 .text.DebugMon_Handler
                0x080043ae        0xe CMakeFiles/sendai_2025.dir/Core/Src/stm32f4xx_it.c.obj
                0x080043ae                DebugMon_Handler
 .text.PendSV_Handler
                0x080043bc        0xe CMakeFiles/sendai_2025.dir/Core/Src/stm32f4xx_it.c.obj
                0x080043bc                PendSV_Handler
 .text.SysTick_Handler
                0x080043ca        0xc CMakeFiles/sendai_2025.dir/Core/Src/stm32f4xx_it.c.obj
                0x080043ca                SysTick_Handler
 *fill*         0x080043d6        0x2 
 .text.TIM5_IRQHandler
                0x080043d8       0x14 CMakeFiles/sendai_2025.dir/Core/Src/stm32f4xx_it.c.obj
                0x080043d8                TIM5_IRQHandler
 .text.TIM6_DAC_IRQHandler
                0x080043ec       0x14 CMakeFiles/sendai_2025.dir/Core/Src/stm32f4xx_it.c.obj
                0x080043ec                TIM6_DAC_IRQHandler
 .text.TIM7_IRQHandler
                0x08004400       0x14 CMakeFiles/sendai_2025.dir/Core/Src/stm32f4xx_it.c.obj
                0x08004400                TIM7_IRQHandler
 .text.USART2_IRQHandler
                0x08004414       0x14 CMakeFiles/sendai_2025.dir/Core/Src/stm32f4xx_it.c.obj
                0x08004414                USART2_IRQHandler
 .text.HAL_MspInit
                0x08004428       0x50 CMakeFiles/sendai_2025.dir/Core/Src/stm32f4xx_hal_msp.c.obj
                0x08004428                HAL_MspInit
 .text._sbrk    0x08004478       0x6c CMakeFiles/sendai_2025.dir/Core/Src/sysmem.c.obj
                0x08004478                _sbrk
 .text._getpid  0x080044e4       0x10 CMakeFiles/sendai_2025.dir/Core/Src/syscalls.c.obj
                0x080044e4                _getpid
 .text._kill    0x080044f4       0x20 CMakeFiles/sendai_2025.dir/Core/Src/syscalls.c.obj
                0x080044f4                _kill
 .text._exit    0x08004514       0x16 CMakeFiles/sendai_2025.dir/Core/Src/syscalls.c.obj
                0x08004514                _exit
 *fill*         0x0800452a        0x2 
 .text.Reset_Handler
                0x0800452c       0x50 CMakeFiles/sendai_2025.dir/startup_stm32f446xx.s.obj
                0x0800452c                Reset_Handler
 .text.Default_Handler
                0x0800457c        0x2 CMakeFiles/sendai_2025.dir/startup_stm32f446xx.s.obj
                0x0800457c                RTC_Alarm_IRQHandler
                0x0800457c                EXTI2_IRQHandler
                0x0800457c                TIM8_CC_IRQHandler
                0x0800457c                FMPI2C1_EV_IRQHandler
                0x0800457c                SPI4_IRQHandler
                0x0800457c                TIM1_CC_IRQHandler
                0x0800457c                DMA2_Stream5_IRQHandler
                0x0800457c                DMA1_Stream5_IRQHandler
                0x0800457c                PVD_IRQHandler
                0x0800457c                SDIO_IRQHandler
                0x0800457c                TAMP_STAMP_IRQHandler
                0x0800457c                CAN2_RX1_IRQHandler
                0x0800457c                EXTI3_IRQHandler
                0x0800457c                TIM8_TRG_COM_TIM14_IRQHandler
                0x0800457c                TIM1_UP_TIM10_IRQHandler
                0x0800457c                TIM8_UP_TIM13_IRQHandler
                0x0800457c                I2C3_ER_IRQHandler
                0x0800457c                EXTI0_IRQHandler
                0x0800457c                I2C2_EV_IRQHandler
                0x0800457c                DMA1_Stream2_IRQHandler
                0x0800457c                CAN1_RX0_IRQHandler
                0x0800457c                FPU_IRQHandler
                0x0800457c                OTG_HS_WKUP_IRQHandler
                0x0800457c                CAN2_SCE_IRQHandler
                0x0800457c                DMA2_Stream2_IRQHandler
                0x0800457c                SPI1_IRQHandler
                0x0800457c                TIM1_BRK_TIM9_IRQHandler
                0x0800457c                DCMI_IRQHandler
                0x0800457c                CAN2_RX0_IRQHandler
                0x0800457c                DMA2_Stream3_IRQHandler
                0x0800457c                SAI2_IRQHandler
                0x0800457c                USART6_IRQHandler
                0x0800457c                USART3_IRQHandler
                0x0800457c                CAN1_RX1_IRQHandler
                0x0800457c                UART5_IRQHandler
                0x0800457c                DMA2_Stream0_IRQHandler
                0x0800457c                TIM4_IRQHandler
                0x0800457c                QUADSPI_IRQHandler
                0x0800457c                I2C1_EV_IRQHandler
                0x0800457c                DMA1_Stream6_IRQHandler
                0x0800457c                DMA1_Stream1_IRQHandler
                0x0800457c                UART4_IRQHandler
                0x0800457c                TIM3_IRQHandler
                0x0800457c                RCC_IRQHandler
                0x0800457c                TIM8_BRK_TIM12_IRQHandler
                0x0800457c                Default_Handler
                0x0800457c                CEC_IRQHandler
                0x0800457c                EXTI15_10_IRQHandler
                0x0800457c                ADC_IRQHandler
                0x0800457c                DMA1_Stream7_IRQHandler
                0x0800457c                CAN2_TX_IRQHandler
                0x0800457c                DMA2_Stream7_IRQHandler
                0x0800457c                I2C3_EV_IRQHandler
                0x0800457c                EXTI9_5_IRQHandler
                0x0800457c                RTC_WKUP_IRQHandler
                0x0800457c                SPDIF_RX_IRQHandler
                0x0800457c                SPI2_IRQHandler
                0x0800457c                OTG_HS_EP1_IN_IRQHandler
                0x0800457c                DMA1_Stream0_IRQHandler
                0x0800457c                CAN1_TX_IRQHandler
                0x0800457c                FMPI2C1_ER_IRQHandler
                0x0800457c                EXTI4_IRQHandler
                0x0800457c                OTG_HS_EP1_OUT_IRQHandler
                0x0800457c                WWDG_IRQHandler
                0x0800457c                TIM2_IRQHandler
                0x0800457c                OTG_FS_WKUP_IRQHandler
                0x0800457c                TIM1_TRG_COM_TIM11_IRQHandler
                0x0800457c                OTG_HS_IRQHandler
                0x0800457c                EXTI1_IRQHandler
                0x0800457c                I2C2_ER_IRQHandler
                0x0800457c                DMA2_Stream1_IRQHandler
                0x0800457c                CAN1_SCE_IRQHandler
                0x0800457c                FLASH_IRQHandler
                0x0800457c                DMA2_Stream4_IRQHandler
                0x0800457c                USART1_IRQHandler
                0x0800457c                OTG_FS_IRQHandler
                0x0800457c                SPI3_IRQHandler
                0x0800457c                DMA1_Stream4_IRQHandler
                0x0800457c                I2C1_ER_IRQHandler
                0x0800457c                FMC_IRQHandler
                0x0800457c                DMA2_Stream6_IRQHandler
                0x0800457c                SAI1_IRQHandler
                0x0800457c                DMA1_Stream3_IRQHandler
 .text._ZSt23__is_constant_evaluatedv
                0x0800457e       0x10 CMakeFiles/sendai_2025.dir/Src/main.cpp.obj
                0x0800457e                std::__is_constant_evaluated()
 .text._ZnwjPv  0x0800458e       0x18 CMakeFiles/sendai_2025.dir/Src/main.cpp.obj
                0x0800458e                operator new(unsigned int, void*)
 .text._ZNSt9_Any_data9_M_accessEv
                0x080045a6       0x16 CMakeFiles/sendai_2025.dir/Src/main.cpp.obj
                0x080045a6                std::_Any_data::_M_access()
 .text._ZNKSt9_Any_data9_M_accessEv
                0x080045bc       0x16 CMakeFiles/sendai_2025.dir/Src/main.cpp.obj
                0x080045bc                std::_Any_data::_M_access() const
 .text._ZNSt14_Function_baseD2Ev
                0x080045d2       0x26 CMakeFiles/sendai_2025.dir/Src/main.cpp.obj
                0x080045d2                std::_Function_base::~_Function_base()
                0x080045d2                std::_Function_base::~_Function_base()
 .text._ZNKSt14_Function_base8_M_emptyEv
                0x080045f8       0x22 CMakeFiles/sendai_2025.dir/Src/main.cpp.obj
                0x080045f8                std::_Function_base::_M_empty() const
 *fill*         0x0800461a        0x2 
 .text._Z22motor_control_callbackfff
                0x0800461c       0x68 CMakeFiles/sendai_2025.dir/Src/main.cpp.obj
                0x0800461c                motor_control_callback(float, float, float)
 .text._ZNSt8functionIFvfffEED2Ev
                0x08004684       0x1a CMakeFiles/sendai_2025.dir/Src/main.cpp.obj
                0x08004684                std::function<void (float, float, float)>::~function()
                0x08004684                std::function<void (float, float, float)>::~function()
 *fill*         0x0800469e        0x2 
 .text.setup    0x080046a0       0x5c CMakeFiles/sendai_2025.dir/Src/main.cpp.obj
                0x080046a0                setup
 .text.loop     0x080046fc        0xe CMakeFiles/sendai_2025.dir/Src/main.cpp.obj
                0x080046fc                loop
 *fill*         0x0800470a        0x2 
 .text.HAL_UART_RxCpltCallback
                0x0800470c       0x28 CMakeFiles/sendai_2025.dir/Src/main.cpp.obj
                0x0800470c                HAL_UART_RxCpltCallback
 .text._ZZN10SubscriberI8UartLinkJfffEEC4ERS0_hENKUlfffE_clEfff
                0x08004734       0x20 CMakeFiles/sendai_2025.dir/Src/main.cpp.obj
                0x08004734                Subscriber<UartLink, float, float, float>::Subscriber(UartLink&, unsigned char)::{lambda(float, float, float)#1}::operator()(float, float, float) const
 .text._ZZN10SubscriberI8UartLinkJfffEEC4ERS0_hENKUlPhjE_clES3_j
                0x08004754       0x22 CMakeFiles/sendai_2025.dir/Src/main.cpp.obj
                0x08004754                Subscriber<UartLink, float, float, float>::Subscriber(UartLink&, unsigned char)::{lambda(unsigned char*, unsigned int)#1}::operator()(unsigned char*, unsigned int) const
                0x08004754                Subscriber<UartLink, float, float, float>::Subscriber(UartLink&, unsigned char)::{lambda(unsigned char*, unsigned int)#2}::operator()(unsigned char*, unsigned int) const
 .text._ZNSt8functionIFvPhjEED2Ev
                0x08004776       0x1a CMakeFiles/sendai_2025.dir/Src/main.cpp.obj
                0x08004776                std::function<void (unsigned char*, unsigned int)>::~function()
                0x08004776                std::function<void (unsigned char*, unsigned int)>::~function()
 .text._ZN10SubscriberI8UartLinkJfffEEC2ERS0_h
                0x08004790       0x76 CMakeFiles/sendai_2025.dir/Src/main.cpp.obj
                0x08004790                Subscriber<UartLink, float, float, float>::Subscriber(UartLink&, unsigned char)
                0x08004790                Subscriber<UartLink, float, float, float>::Subscriber(UartLink&, unsigned char)
 .text._ZNSt14_Function_baseC2Ev
                0x08004806       0x26 CMakeFiles/sendai_2025.dir/Src/main.cpp.obj
                0x08004806                std::_Function_base::_Function_base()
                0x08004806                std::_Function_base::_Function_base()
 .text._ZNSt8functionIFvfffEEC2IRS0_vEEOT_
                0x0800482c       0x60 CMakeFiles/sendai_2025.dir/Src/main.cpp.obj
                0x0800482c                std::function<void (float, float, float)>::function<void (&)(float, float, float), void>(void (&)(float, float, float))
                0x0800482c                std::function<void (float, float, float)>::function<void (&)(float, float, float), void>(void (&)(float, float, float))
 .text._ZN10SubscriberI8UartLinkJfffEE12set_callbackESt8functionIFvfffEE
                0x0800488c       0x1e CMakeFiles/sendai_2025.dir/Src/main.cpp.obj
                0x0800488c                Subscriber<UartLink, float, float, float>::set_callback(std::function<void (float, float, float)>)
 .text._ZSt7forwardIjEOT_RNSt16remove_referenceIS0_E4typeE
                0x080048aa       0x16 CMakeFiles/sendai_2025.dir/Src/main.cpp.obj
                0x080048aa                unsigned int&& std::forward<unsigned int>(std::remove_reference<unsigned int>::type&)
 .text._ZNSt8functionIFvfffEEC2Ev
                0x080048c0       0x2c CMakeFiles/sendai_2025.dir/Src/main.cpp.obj
                0x080048c0                std::function<void (float, float, float)>::function()
                0x080048c0                std::function<void (float, float, float)>::function()
 .text._ZNSt8functionIFvfffEEaSIZN10SubscriberI8UartLinkJfffEEC4ERS4_hEUlfffE_EENSt9enable_ifIXsrNS1_9_CallableIT_NS8_IXntsrSt7is_sameINSt9remove_cvINSt16remove_referenceISA_E4typeEE4typeES1_E5valueESt5decayISA_EE4type4typeESt15__invoke_resultIRSN_JfffEEEE5valueERS1_E4typeEOSA_
                0x080048ec       0x3e CMakeFiles/sendai_2025.dir/Src/main.cpp.obj
                0x080048ec                std::enable_if<std::function<void (float, float, float)>::_Callable<Subscriber<UartLink, float, float, float>::Subscriber(UartLink&, unsigned char)::{lambda(float, float, float)#1}, std::enable_if<!std::is_same<std::remove_cv<std::remove_reference<Subscriber<UartLink, float, float, float>::Subscriber(UartLink&, unsigned char)::{lambda(float, float, float)#1}>::type>::type, std::function<void (float, float, float)> >::value, std::decay<Subscriber<UartLink, float, float, float>::Subscriber(UartLink&, unsigned char)::{lambda(float, float, float)#1}> >::type::type, std::__invoke_result<std::enable_if<!std::is_same<std::remove_cv<std::remove_reference<Subscriber<UartLink, float, float, float>::Subscriber(UartLink&, unsigned char)::{lambda(float, float, float)#1}>::type>::type, std::function<void (float, float, float)> >::value, std::decay<Subscriber<UartLink, float, float, float>::Subscriber(UartLink&, unsigned char)::{lambda(float, float, float)#1}> >::type::type&, float, float, float> >::value, std::function<void (float, float, float)>&>::type std::function<void (float, float, float)>::operator=<Subscriber<UartLink, float, float, float>::Subscriber(UartLink&, unsigned char)::{lambda(float, float, float)#1}>(Subscriber<UartLink, float, float, float>::Subscriber(UartLink&, unsigned char)::{lambda(float, float, float)#1}&&)
 .text._ZSt12__apply_implIRSt8functionIFvfffEERSt5tupleIJfffEEJLj0ELj1ELj2EEEDcOT_OT0_St16integer_sequenceIjJXspT1_EEE
                0x0800492a       0x56 CMakeFiles/sendai_2025.dir/Src/main.cpp.obj
                0x0800492a                decltype(auto) std::__apply_impl<std::function<void (float, float, float)>&, std::tuple<float, float, float>&, 0u, 1u, 2u>(std::function<void (float, float, float)>&, std::tuple<float, float, float>&, std::integer_sequence<unsigned int, 0u, 1u, 2u>)
 .text._ZSt5applyIRSt8functionIFvfffEERSt5tupleIJfffEEEDcOT_OT0_
                0x08004980       0x2c CMakeFiles/sendai_2025.dir/Src/main.cpp.obj
                0x08004980                decltype(auto) std::apply<std::function<void (float, float, float)>&, std::tuple<float, float, float>&>(std::function<void (float, float, float)>&, std::tuple<float, float, float>&)
 .text._ZN10SubscriberI8UartLinkJfffEE10on_receiveEPhj
                0x080049ac       0x46 CMakeFiles/sendai_2025.dir/Src/main.cpp.obj
                0x080049ac                Subscriber<UartLink, float, float, float>::on_receive(unsigned char*, unsigned int)
 *fill*         0x080049f2        0x2 
 .text._ZNSt8functionIFvPhjEEC2IZN10SubscriberI8UartLinkJfffEEC4ERS5_hEUlS0_jE_vEEOT_
                0x080049f4       0x60 CMakeFiles/sendai_2025.dir/Src/main.cpp.obj
                0x080049f4                std::function<void (unsigned char*, unsigned int)>::function<Subscriber<UartLink, float, float, float>::Subscriber(UartLink&, unsigned char)::{lambda(unsigned char*, unsigned int)#2}, void>(Subscriber<UartLink, float, float, float>::Subscriber(UartLink&, unsigned char)::{lambda(unsigned char*, unsigned int)#2}&&)
                0x080049f4                std::function<void (unsigned char*, unsigned int)>::function<Subscriber<UartLink, float, float, float>::Subscriber(UartLink&, unsigned char)::{lambda(unsigned char*, unsigned int)#1}, void>(Subscriber<UartLink, float, float, float>::Subscriber(UartLink&, unsigned char)::{lambda(unsigned char*, unsigned int)#1}&&)
                0x080049f4                std::function<void (unsigned char*, unsigned int)>::function<Subscriber<UartLink, float, float, float>::Subscriber(UartLink&, unsigned char)::{lambda(unsigned char*, unsigned int)#2}, void>(Subscriber<UartLink, float, float, float>::Subscriber(UartLink&, unsigned char)::{lambda(unsigned char*, unsigned int)#2}&&)
                0x080049f4                std::function<void (unsigned char*, unsigned int)>::function<Subscriber<UartLink, float, float, float>::Subscriber(UartLink&, unsigned char)::{lambda(unsigned char*, unsigned int)#1}, void>(Subscriber<UartLink, float, float, float>::Subscriber(UartLink&, unsigned char)::{lambda(unsigned char*, unsigned int)#1}&&)
 .text._ZNSt14_Function_base13_Base_managerIPFvfffEE21_M_not_empty_functionIS1_EEbPT_
                0x08004a54       0x20 CMakeFiles/sendai_2025.dir/Src/main.cpp.obj
                0x08004a54                bool std::_Function_base::_Base_manager<void (*)(float, float, float)>::_M_not_empty_function<void (float, float, float)>(void (*)(float, float, float))
 .text._ZSt7forwardIRFvfffEEOT_RNSt16remove_referenceIS2_E4typeE
                0x08004a74       0x16 CMakeFiles/sendai_2025.dir/Src/main.cpp.obj
                0x08004a74                void (&std::forward<void (&)(float, float, float)>(std::remove_reference<void (&)(float, float, float)>::type&))(float, float, float)
 .text._ZNSt14_Function_base13_Base_managerIPFvfffEE15_M_init_functorIRS1_EEvRSt9_Any_dataOT_
                0x08004a8a       0x24 CMakeFiles/sendai_2025.dir/Src/main.cpp.obj
                0x08004a8a                void std::_Function_base::_Base_manager<void (*)(float, float, float)>::_M_init_functor<void (&)(float, float, float)>(std::_Any_data&, void (&)(float, float, float))
 .text._ZNSt17_Function_handlerIFvfffEPS0_E9_M_invokeERKSt9_Any_dataOfS6_S6_
                0x08004aae       0x40 CMakeFiles/sendai_2025.dir/Src/main.cpp.obj
                0x08004aae                std::_Function_handler<void (float, float, float), void (*)(float, float, float)>::_M_invoke(std::_Any_data const&, float&&, float&&, float&&)
 .text._ZNSt17_Function_handlerIFvfffEPS0_E10_M_managerERSt9_Any_dataRKS3_St18_Manager_operation
                0x08004aee       0x3e CMakeFiles/sendai_2025.dir/Src/main.cpp.obj
                0x08004aee                std::_Function_handler<void (float, float, float), void (*)(float, float, float)>::_M_manager(std::_Any_data&, std::_Any_data const&, std::_Manager_operation)
 .text._ZNSt8functionIFvfffEEaSERKS1_
                0x08004b2c       0x36 CMakeFiles/sendai_2025.dir/Src/main.cpp.obj
                0x08004b2c                std::function<void (float, float, float)>::operator=(std::function<void (float, float, float)> const&)
 .text._ZSt7forwardIZN10SubscriberI8UartLinkJfffEEC4ERS1_hEUlfffE_EOT_RNSt16remove_referenceIS5_E4typeE
                0x08004b62       0x16 CMakeFiles/sendai_2025.dir/Src/main.cpp.obj
                0x08004b62                Subscriber<UartLink, float, float, float>::Subscriber(UartLink&, unsigned char)::{lambda(float, float, float)#1}&& std::forward<Subscriber<UartLink, float, float, float>::Subscriber(UartLink&, unsigned char)::{lambda(float, float, float)#1}>(std::remove_reference<Subscriber<UartLink, float, float, float>::Subscriber(UartLink&, unsigned char)::{lambda(float, float, float)#1}>::type&)
 .text._ZNSt8functionIFvfffEEC2IZN10SubscriberI8UartLinkJfffEEC4ERS4_hEUlfffE_vEEOT_
                0x08004b78       0x60 CMakeFiles/sendai_2025.dir/Src/main.cpp.obj
                0x08004b78                std::function<void (float, float, float)>::function<Subscriber<UartLink, float, float, float>::Subscriber(UartLink&, unsigned char)::{lambda(float, float, float)#1}, void>(Subscriber<UartLink, float, float, float>::Subscriber(UartLink&, unsigned char)::{lambda(float, float, float)#1}&&)
                0x08004b78                std::function<void (float, float, float)>::function<Subscriber<UartLink, float, float, float>::Subscriber(UartLink&, unsigned char)::{lambda(float, float, float)#1}, void>(Subscriber<UartLink, float, float, float>::Subscriber(UartLink&, unsigned char)::{lambda(float, float, float)#1}&&)
 .text._ZNSt8functionIFvfffEE4swapERS1_
                0x08004bd8       0x42 CMakeFiles/sendai_2025.dir/Src/main.cpp.obj
                0x08004bd8                std::function<void (float, float, float)>::swap(std::function<void (float, float, float)>&)
 .text._ZN17TupleDeserializerIJfffEE17deserialize_tupleEPKhRSt5tupleIJfffEEj
                0x08004c1a       0x28 CMakeFiles/sendai_2025.dir/Src/main.cpp.obj
                0x08004c1a                TupleDeserializer<float, float, float>::deserialize_tuple(unsigned char const*, std::tuple<float, float, float>&, unsigned int)
 .text._ZSt7forwardIRSt8functionIFvfffEEEOT_RNSt16remove_referenceIS4_E4typeE
                0x08004c42       0x16 CMakeFiles/sendai_2025.dir/Src/main.cpp.obj
                0x08004c42                std::function<void (float, float, float)>& std::forward<std::function<void (float, float, float)>&>(std::remove_reference<std::function<void (float, float, float)>&>::type&)
 .text._ZSt7forwardIRSt5tupleIJfffEEEOT_RNSt16remove_referenceIS3_E4typeE
                0x08004c58       0x16 CMakeFiles/sendai_2025.dir/Src/main.cpp.obj
                0x08004c58                std::tuple<float, float, float>& std::forward<std::tuple<float, float, float>&>(std::remove_reference<std::tuple<float, float, float>&>::type&)
 .text._ZSt3getILj0EJfffEERNSt13tuple_elementIXT_ESt5tupleIJDpT0_EEE4typeERS4_
                0x08004c6e       0x1a CMakeFiles/sendai_2025.dir/Src/main.cpp.obj
                0x08004c6e                std::tuple_element<0u, std::tuple<float, float, float> >::type& std::get<0u, float, float, float>(std::tuple<float, float, float>&)
 .text._ZSt3getILj1EJfffEERNSt13tuple_elementIXT_ESt5tupleIJDpT0_EEE4typeERS4_
                0x08004c88       0x1a CMakeFiles/sendai_2025.dir/Src/main.cpp.obj
                0x08004c88                std::tuple_element<1u, std::tuple<float, float, float> >::type& std::get<1u, float, float, float>(std::tuple<float, float, float>&)
 .text._ZSt3getILj2EJfffEERNSt13tuple_elementIXT_ESt5tupleIJDpT0_EEE4typeERS4_
                0x08004ca2       0x1a CMakeFiles/sendai_2025.dir/Src/main.cpp.obj
                0x08004ca2                std::tuple_element<2u, std::tuple<float, float, float> >::type& std::get<2u, float, float, float>(std::tuple<float, float, float>&)
 .text._ZSt8__invokeIRSt8functionIFvfffEEJRfS4_S4_EENSt15__invoke_resultIT_JDpT0_EE4typeEOS6_DpOS7_
                0x08004cbc       0x48 CMakeFiles/sendai_2025.dir/Src/main.cpp.obj
                0x08004cbc                std::__invoke_result<std::function<void (float, float, float)>&, float&, float&, float&>::type std::__invoke<std::function<void (float, float, float)>&, float&, float&, float&>(std::function<void (float, float, float)>&, float&, float&, float&)
 .text._ZNSt14_Function_base13_Base_managerIZN10SubscriberI8UartLinkJfffEEC4ERS2_hEUlPhjE_E21_M_not_empty_functionIS6_EEbRKT_
                0x08004d04       0x16 CMakeFiles/sendai_2025.dir/Src/main.cpp.obj
                0x08004d04                bool std::_Function_base::_Base_manager<Subscriber<UartLink, float, float, float>::Subscriber(UartLink&, unsigned char)::{lambda(unsigned char*, unsigned int)#1}>::_M_not_empty_function<Subscriber<UartLink, float, float, float>::Subscriber(UartLink&, unsigned char)::{lambda(unsigned char*, unsigned int)#1}>(Subscriber<UartLink, float, float, float>::Subscriber(UartLink&, unsigned char)::{lambda(unsigned char*, unsigned int)#1} const&)
                0x08004d04                bool std::_Function_base::_Base_manager<Subscriber<UartLink, float, float, float>::Subscriber(UartLink&, unsigned char)::{lambda(unsigned char*, unsigned int)#2}>::_M_not_empty_function<Subscriber<UartLink, float, float, float>::Subscriber(UartLink&, unsigned char)::{lambda(unsigned char*, unsigned int)#2}>(Subscriber<UartLink, float, float, float>::Subscriber(UartLink&, unsigned char)::{lambda(unsigned char*, unsigned int)#2} const&)
 .text._ZSt7forwardIZN10SubscriberI8UartLinkJfffEEC4ERS1_hEUlPhjE_EOT_RNSt16remove_referenceIS6_E4typeE
                0x08004d1a       0x16 CMakeFiles/sendai_2025.dir/Src/main.cpp.obj
                0x08004d1a                Subscriber<UartLink, float, float, float>::Subscriber(UartLink&, unsigned char)::{lambda(unsigned char*, unsigned int)#2}&& std::forward<Subscriber<UartLink, float, float, float>::Subscriber(UartLink&, unsigned char)::{lambda(unsigned char*, unsigned int)#2}>(std::remove_reference<Subscriber<UartLink, float, float, float>::Subscriber(UartLink&, unsigned char)::{lambda(unsigned char*, unsigned int)#2}>::type&)
                0x08004d1a                Subscriber<UartLink, float, float, float>::Subscriber(UartLink&, unsigned char)::{lambda(unsigned char*, unsigned int)#1}&& std::forward<Subscriber<UartLink, float, float, float>::Subscriber(UartLink&, unsigned char)::{lambda(unsigned char*, unsigned int)#1}>(std::remove_reference<Subscriber<UartLink, float, float, float>::Subscriber(UartLink&, unsigned char)::{lambda(unsigned char*, unsigned int)#1}>::type&)
 .text._ZNSt14_Function_base13_Base_managerIZN10SubscriberI8UartLinkJfffEEC4ERS2_hEUlPhjE_E15_M_init_functorIS6_EEvRSt9_Any_dataOT_
                0x08004d30       0x24 CMakeFiles/sendai_2025.dir/Src/main.cpp.obj
                0x08004d30                void std::_Function_base::_Base_manager<Subscriber<UartLink, float, float, float>::Subscriber(UartLink&, unsigned char)::{lambda(unsigned char*, unsigned int)#1}>::_M_init_functor<Subscriber<UartLink, float, float, float>::Subscriber(UartLink&, unsigned char)::{lambda(unsigned char*, unsigned int)#1}>(std::_Any_data&, Subscriber<UartLink, float, float, float>::Subscriber(UartLink&, unsigned char)::{lambda(unsigned char*, unsigned int)#1}&&)
                0x08004d30                void std::_Function_base::_Base_manager<Subscriber<UartLink, float, float, float>::Subscriber(UartLink&, unsigned char)::{lambda(unsigned char*, unsigned int)#2}>::_M_init_functor<Subscriber<UartLink, float, float, float>::Subscriber(UartLink&, unsigned char)::{lambda(unsigned char*, unsigned int)#2}>(std::_Any_data&, Subscriber<UartLink, float, float, float>::Subscriber(UartLink&, unsigned char)::{lambda(unsigned char*, unsigned int)#2}&&)
 .text._ZNSt17_Function_handlerIFvPhjEZN10SubscriberI8UartLinkJfffEEC4ERS3_hEUlS0_jE_E9_M_invokeERKSt9_Any_dataOS0_Oj
                0x08004d54       0x36 CMakeFiles/sendai_2025.dir/Src/main.cpp.obj
                0x08004d54                std::_Function_handler<void (unsigned char*, unsigned int), Subscriber<UartLink, float, float, float>::Subscriber(UartLink&, unsigned char)::{lambda(unsigned char*, unsigned int)#2}>::_M_invoke(std::_Any_data const&, unsigned char*&&, unsigned int&&)
                0x08004d54                std::_Function_handler<void (unsigned char*, unsigned int), Subscriber<UartLink, float, float, float>::Subscriber(UartLink&, unsigned char)::{lambda(unsigned char*, unsigned int)#1}>::_M_invoke(std::_Any_data const&, unsigned char*&&, unsigned int&&)
 .text._ZNSt17_Function_handlerIFvPhjEZN10SubscriberI8UartLinkJfffEEC4ERS3_hEUlS0_jE_E10_M_managerERSt9_Any_dataRKS8_St18_Manager_operation
                0x08004d8a       0x3e CMakeFiles/sendai_2025.dir/Src/main.cpp.obj
                0x08004d8a                std::_Function_handler<void (unsigned char*, unsigned int), Subscriber<UartLink, float, float, float>::Subscriber(UartLink&, unsigned char)::{lambda(unsigned char*, unsigned int)#1}>::_M_manager(std::_Any_data&, std::_Any_data const&, std::_Manager_operation)
                0x08004d8a                std::_Function_handler<void (unsigned char*, unsigned int), Subscriber<UartLink, float, float, float>::Subscriber(UartLink&, unsigned char)::{lambda(unsigned char*, unsigned int)#2}>::_M_manager(std::_Any_data&, std::_Any_data const&, std::_Manager_operation)
 .text._ZNSt14_Function_base13_Base_managerIPFvfffEE9_M_createIRS1_EEvRSt9_Any_dataOT_St17integral_constantIbLb1EE
                0x08004dc8       0x30 CMakeFiles/sendai_2025.dir/Src/main.cpp.obj
                0x08004dc8                void std::_Function_base::_Base_manager<void (*)(float, float, float)>::_M_create<void (&)(float, float, float)>(std::_Any_data&, void (&)(float, float, float), std::integral_constant<bool, true>)
 .text._ZNSt14_Function_base13_Base_managerIPFvfffEE14_M_get_pointerERKSt9_Any_data
                0x08004df8       0x20 CMakeFiles/sendai_2025.dir/Src/main.cpp.obj
                0x08004df8                std::_Function_base::_Base_manager<void (*)(float, float, float)>::_M_get_pointer(std::_Any_data const&)
 .text._ZSt7forwardIfEOT_RNSt16remove_referenceIS0_E4typeE
                0x08004e18       0x16 CMakeFiles/sendai_2025.dir/Src/main.cpp.obj
                0x08004e18                float&& std::forward<float>(std::remove_reference<float>::type&)
 .text._ZSt10__invoke_rIvRPFvfffEJfffEENSt9enable_ifIX16is_invocable_r_vIT_T0_DpT1_EES4_E4typeEOS5_DpOS6_
                0x08004e2e       0x48 CMakeFiles/sendai_2025.dir/Src/main.cpp.obj
                0x08004e2e                std::enable_if<is_invocable_r_v<void, void (*&)(float, float, float), float, float, float>, void>::type std::__invoke_r<void, void (*&)(float, float, float), float, float, float>(void (*&)(float, float, float), float&&, float&&, float&&)
 .text._ZNSt9_Any_data9_M_accessIPPFvfffEEERT_v
                0x08004e76       0x18 CMakeFiles/sendai_2025.dir/Src/main.cpp.obj
                0x08004e76                void (**&std::_Any_data::_M_access<void (**)(float, float, float)>())(float, float, float)
 *fill*         0x08004e8e        0x2 
 .text._ZNSt14_Function_base13_Base_managerIPFvfffEE10_M_managerERSt9_Any_dataRKS4_St18_Manager_operation
                0x08004e90       0x74 CMakeFiles/sendai_2025.dir/Src/main.cpp.obj
                0x08004e90                std::_Function_base::_Base_manager<void (*)(float, float, float)>::_M_manager(std::_Any_data&, std::_Any_data const&, std::_Manager_operation)
 .text._ZNSt8functionIFvfffEEC2ERKS1_
                0x08004f04       0x56 CMakeFiles/sendai_2025.dir/Src/main.cpp.obj
                0x08004f04                std::function<void (float, float, float)>::function(std::function<void (float, float, float)> const&)
                0x08004f04                std::function<void (float, float, float)>::function(std::function<void (float, float, float)> const&)
 .text._ZNSt14_Function_base13_Base_managerIZN10SubscriberI8UartLinkJfffEEC4ERS2_hEUlfffE_E21_M_not_empty_functionIS5_EEbRKT_
                0x08004f5a       0x16 CMakeFiles/sendai_2025.dir/Src/main.cpp.obj
                0x08004f5a                bool std::_Function_base::_Base_manager<Subscriber<UartLink, float, float, float>::Subscriber(UartLink&, unsigned char)::{lambda(float, float, float)#1}>::_M_not_empty_function<Subscriber<UartLink, float, float, float>::Subscriber(UartLink&, unsigned char)::{lambda(float, float, float)#1}>(Subscriber<UartLink, float, float, float>::Subscriber(UartLink&, unsigned char)::{lambda(float, float, float)#1} const&)
 .text._ZNSt14_Function_base13_Base_managerIZN10SubscriberI8UartLinkJfffEEC4ERS2_hEUlfffE_E15_M_init_functorIS5_EEvRSt9_Any_dataOT_
                0x08004f70       0x24 CMakeFiles/sendai_2025.dir/Src/main.cpp.obj
                0x08004f70                void std::_Function_base::_Base_manager<Subscriber<UartLink, float, float, float>::Subscriber(UartLink&, unsigned char)::{lambda(float, float, float)#1}>::_M_init_functor<Subscriber<UartLink, float, float, float>::Subscriber(UartLink&, unsigned char)::{lambda(float, float, float)#1}>(std::_Any_data&, Subscriber<UartLink, float, float, float>::Subscriber(UartLink&, unsigned char)::{lambda(float, float, float)#1}&&)
 .text._ZNSt17_Function_handlerIFvfffEZN10SubscriberI8UartLinkJfffEEC4ERS2_hEUlfffE_E9_M_invokeERKSt9_Any_dataOfSA_SA_
                0x08004f94       0x40 CMakeFiles/sendai_2025.dir/Src/main.cpp.obj
                0x08004f94                std::_Function_handler<void (float, float, float), Subscriber<UartLink, float, float, float>::Subscriber(UartLink&, unsigned char)::{lambda(float, float, float)#1}>::_M_invoke(std::_Any_data const&, float&&, float&&, float&&)
 .text._ZNSt17_Function_handlerIFvfffEZN10SubscriberI8UartLinkJfffEEC4ERS2_hEUlfffE_E10_M_managerERSt9_Any_dataRKS7_St18_Manager_operation
                0x08004fd4       0x3e CMakeFiles/sendai_2025.dir/Src/main.cpp.obj
                0x08004fd4                std::_Function_handler<void (float, float, float), Subscriber<UartLink, float, float, float>::Subscriber(UartLink&, unsigned char)::{lambda(float, float, float)#1}>::_M_manager(std::_Any_data&, std::_Any_data const&, std::_Manager_operation)
 .text._ZSt4swapISt9_Any_dataENSt9enable_ifIXsrSt6__and_IJSt6__not_ISt15__is_tuple_likeIT_EESt21is_move_constructibleIS5_ESt18is_move_assignableIS5_EEE5valueEvE4typeERS5_SF_
                0x08005012       0x4e CMakeFiles/sendai_2025.dir/Src/main.cpp.obj
                0x08005012                std::enable_if<std::__and_<std::__not_<std::__is_tuple_like<std::_Any_data> >, std::is_move_constructible<std::_Any_data>, std::is_move_assignable<std::_Any_data> >::value, void>::type std::swap<std::_Any_data>(std::_Any_data&, std::_Any_data&)
 .text._ZSt4swapIPFbRSt9_Any_dataRKS0_St18_Manager_operationEENSt9enable_ifIXsrSt6__and_IJSt6__not_ISt15__is_tuple_likeIT_EESt21is_move_constructibleISB_ESt18is_move_assignableISB_EEE5valueEvE4typeERSB_SL_
                0x08005060       0x3e CMakeFiles/sendai_2025.dir/Src/main.cpp.obj
                0x08005060                std::enable_if<std::__and_<std::__not_<std::__is_tuple_like<bool (*)(std::_Any_data&, std::_Any_data const&, std::_Manager_operation)> >, std::is_move_constructible<bool (*)(std::_Any_data&, std::_Any_data const&, std::_Manager_operation)>, std::is_move_assignable<bool (*)(std::_Any_data&, std::_Any_data const&, std::_Manager_operation)> >::value, void>::type std::swap<bool (*)(std::_Any_data&, std::_Any_data const&, std::_Manager_operation)>(bool (*&)(std::_Any_data&, std::_Any_data const&, std::_Manager_operation), bool (*&)(std::_Any_data&, std::_Any_data const&, std::_Manager_operation))
 .text._ZSt4swapIPFvRKSt9_Any_dataOfS3_S3_EENSt9enable_ifIXsrSt6__and_IJSt6__not_ISt15__is_tuple_likeIT_EESt21is_move_constructibleISA_ESt18is_move_assignableISA_EEE5valueEvE4typeERSA_SK_
                0x0800509e       0x3e CMakeFiles/sendai_2025.dir/Src/main.cpp.obj
                0x0800509e                std::enable_if<std::__and_<std::__not_<std::__is_tuple_like<void (*)(std::_Any_data const&, float&&, float&&, float&&)> >, std::is_move_constructible<void (*)(std::_Any_data const&, float&&, float&&, float&&)>, std::is_move_assignable<void (*)(std::_Any_data const&, float&&, float&&, float&&)> >::value, void>::type std::swap<void (*)(std::_Any_data const&, float&&, float&&, float&&)>(void (*&)(std::_Any_data const&, float&&, float&&, float&&), void (*&)(std::_Any_data const&, float&&, float&&, float&&))
 .text._ZZN17TupleDeserializerIJfffEE22deserialize_tuple_implIJLj0ELj1ELj2EEEEiPKhSt16integer_sequenceIjJXspT_EEEjRSt5tupleIJfffEEENKUlvE_clEv
                0x080050dc       0x5c CMakeFiles/sendai_2025.dir/Src/main.cpp.obj
                0x080050dc                TupleDeserializer<float, float, float>::deserialize_tuple_impl<0u, 1u, 2u>(unsigned char const*, std::integer_sequence<unsigned int, 0u, 1u, 2u>, unsigned int, std::tuple<float, float, float>&)::{lambda()#1}::operator()() const
 .text._ZZN17TupleDeserializerIJfffEE22deserialize_tuple_implIJLj0ELj1ELj2EEEEiPKhSt16integer_sequenceIjJXspT_EEEjRSt5tupleIJfffEEENKUlvE0_clEv
                0x08005138       0x5c CMakeFiles/sendai_2025.dir/Src/main.cpp.obj
                0x08005138                TupleDeserializer<float, float, float>::deserialize_tuple_impl<0u, 1u, 2u>(unsigned char const*, std::integer_sequence<unsigned int, 0u, 1u, 2u>, unsigned int, std::tuple<float, float, float>&)::{lambda()#2}::operator()() const
 .text._ZZN17TupleDeserializerIJfffEE22deserialize_tuple_implIJLj0ELj1ELj2EEEEiPKhSt16integer_sequenceIjJXspT_EEEjRSt5tupleIJfffEEENKUlvE1_clEv
                0x08005194       0x5c CMakeFiles/sendai_2025.dir/Src/main.cpp.obj
                0x08005194                TupleDeserializer<float, float, float>::deserialize_tuple_impl<0u, 1u, 2u>(unsigned char const*, std::integer_sequence<unsigned int, 0u, 1u, 2u>, unsigned int, std::tuple<float, float, float>&)::{lambda()#3}::operator()() const
 .text._ZN17TupleDeserializerIJfffEE22deserialize_tuple_implIJLj0ELj1ELj2EEEEiPKhSt16integer_sequenceIjJXspT_EEEjRSt5tupleIJfffEE
                0x080051f0       0x98 CMakeFiles/sendai_2025.dir/Src/main.cpp.obj
                0x080051f0                int TupleDeserializer<float, float, float>::deserialize_tuple_impl<0u, 1u, 2u>(unsigned char const*, std::integer_sequence<unsigned int, 0u, 1u, 2u>, unsigned int, std::tuple<float, float, float>&)
 .text._ZSt12__get_helperILj0EfJffEERT0_RSt11_Tuple_implIXT_EJS0_DpT1_EE
                0x08005288       0x18 CMakeFiles/sendai_2025.dir/Src/main.cpp.obj
                0x08005288                float& std::__get_helper<0u, float, float, float>(std::_Tuple_impl<0u, float, float, float>&)
 .text._ZSt12__get_helperILj1EfJfEERT0_RSt11_Tuple_implIXT_EJS0_DpT1_EE
                0x080052a0       0x18 CMakeFiles/sendai_2025.dir/Src/main.cpp.obj
                0x080052a0                float& std::__get_helper<1u, float, float>(std::_Tuple_impl<1u, float, float>&)
 .text._ZSt12__get_helperILj2EfJEERT0_RSt11_Tuple_implIXT_EJS0_DpT1_EE
                0x080052b8       0x18 CMakeFiles/sendai_2025.dir/Src/main.cpp.obj
                0x080052b8                float& std::__get_helper<2u, float>(std::_Tuple_impl<2u, float>&)
 .text._ZSt7forwardIRfEOT_RNSt16remove_referenceIS1_E4typeE
                0x080052d0       0x16 CMakeFiles/sendai_2025.dir/Src/main.cpp.obj
                0x080052d0                float& std::forward<float&>(std::remove_reference<float&>::type&)
 .text._ZSt13__invoke_implIvRSt8functionIFvfffEEJRfS4_S4_EET_St14__invoke_otherOT0_DpOT1_
                0x080052e6       0x5c CMakeFiles/sendai_2025.dir/Src/main.cpp.obj
                0x080052e6                void std::__invoke_impl<void, std::function<void (float, float, float)>&, float&, float&, float&>(std::__invoke_other, std::function<void (float, float, float)>&, float&, float&, float&)
 .text._ZNSt14_Function_base13_Base_managerIZN10SubscriberI8UartLinkJfffEEC4ERS2_hEUlPhjE_E9_M_createIS6_EEvRSt9_Any_dataOT_St17integral_constantIbLb1EE
                0x08005342       0x32 CMakeFiles/sendai_2025.dir/Src/main.cpp.obj
                0x08005342                void std::_Function_base::_Base_manager<Subscriber<UartLink, float, float, float>::Subscriber(UartLink&, unsigned char)::{lambda(unsigned char*, unsigned int)#1}>::_M_create<Subscriber<UartLink, float, float, float>::Subscriber(UartLink&, unsigned char)::{lambda(unsigned char*, unsigned int)#1}>(std::_Any_data&, Subscriber<UartLink, float, float, float>::Subscriber(UartLink&, unsigned char)::{lambda(unsigned char*, unsigned int)#1}&&, std::integral_constant<bool, true>)
                0x08005342                void std::_Function_base::_Base_manager<Subscriber<UartLink, float, float, float>::Subscriber(UartLink&, unsigned char)::{lambda(unsigned char*, unsigned int)#2}>::_M_create<Subscriber<UartLink, float, float, float>::Subscriber(UartLink&, unsigned char)::{lambda(unsigned char*, unsigned int)#2}>(std::_Any_data&, Subscriber<UartLink, float, float, float>::Subscriber(UartLink&, unsigned char)::{lambda(unsigned char*, unsigned int)#2}&&, std::integral_constant<bool, true>)
 .text._ZNSt14_Function_base13_Base_managerIZN10SubscriberI8UartLinkJfffEEC4ERS2_hEUlPhjE_E14_M_get_pointerERKSt9_Any_data
                0x08005374       0x20 CMakeFiles/sendai_2025.dir/Src/main.cpp.obj
                0x08005374                std::_Function_base::_Base_manager<Subscriber<UartLink, float, float, float>::Subscriber(UartLink&, unsigned char)::{lambda(unsigned char*, unsigned int)#2}>::_M_get_pointer(std::_Any_data const&)
                0x08005374                std::_Function_base::_Base_manager<Subscriber<UartLink, float, float, float>::Subscriber(UartLink&, unsigned char)::{lambda(unsigned char*, unsigned int)#1}>::_M_get_pointer(std::_Any_data const&)
 .text._ZSt7forwardIPhEOT_RNSt16remove_referenceIS1_E4typeE
                0x08005394       0x16 CMakeFiles/sendai_2025.dir/Src/main.cpp.obj
                0x08005394                unsigned char*&& std::forward<unsigned char*>(std::remove_reference<unsigned char*>::type&)
 .text._ZSt10__invoke_rIvRZN10SubscriberI8UartLinkJfffEEC4ERS1_hEUlPhjE_JS4_jEENSt9enable_ifIX16is_invocable_r_vIT_T0_DpT1_EES8_E4typeEOS9_DpOSA_
                0x080053aa       0x36 CMakeFiles/sendai_2025.dir/Src/main.cpp.obj
                0x080053aa                std::enable_if<is_invocable_r_v<void, Subscriber<UartLink, float, float, float>::Subscriber(UartLink&, unsigned char)::{lambda(unsigned char*, unsigned int)#2}&, unsigned char*, unsigned int>, void>::type std::__invoke_r<void, Subscriber<UartLink, float, float, float>::Subscriber(UartLink&, unsigned char)::{lambda(unsigned char*, unsigned int)#2}&, unsigned char*, unsigned int>(Subscriber<UartLink, float, float, float>::Subscriber(UartLink&, unsigned char)::{lambda(unsigned char*, unsigned int)#2}&, unsigned char*&&, unsigned int&&)
                0x080053aa                std::enable_if<is_invocable_r_v<void, Subscriber<UartLink, float, float, float>::Subscriber(UartLink&, unsigned char)::{lambda(unsigned char*, unsigned int)#1}&, unsigned char*, unsigned int>, void>::type std::__invoke_r<void, Subscriber<UartLink, float, float, float>::Subscriber(UartLink&, unsigned char)::{lambda(unsigned char*, unsigned int)#1}&, unsigned char*, unsigned int>(Subscriber<UartLink, float, float, float>::Subscriber(UartLink&, unsigned char)::{lambda(unsigned char*, unsigned int)#1}&, unsigned char*&&, unsigned int&&)
 .text._ZNSt9_Any_data9_M_accessIPZN10SubscriberI8UartLinkJfffEEC4ERS2_hEUlPhjE_EERT_v
                0x080053e0       0x18 CMakeFiles/sendai_2025.dir/Src/main.cpp.obj
                0x080053e0                Subscriber<UartLink, float, float, float>::Subscriber(UartLink&, unsigned char)::{lambda(unsigned char*, unsigned int)#2}*& std::_Any_data::_M_access<Subscriber<UartLink, float, float, float>::Subscriber(UartLink&, unsigned char)::{lambda(unsigned char*, unsigned int)#2}*>()
                0x080053e0                Subscriber<UartLink, float, float, float>::Subscriber(UartLink&, unsigned char)::{lambda(unsigned char*, unsigned int)#1}*& std::_Any_data::_M_access<Subscriber<UartLink, float, float, float>::Subscriber(UartLink&, unsigned char)::{lambda(unsigned char*, unsigned int)#1}*>()
 .text._ZNSt14_Function_base13_Base_managerIZN10SubscriberI8UartLinkJfffEEC4ERS2_hEUlPhjE_E10_M_managerERSt9_Any_dataRKS8_St18_Manager_operation
                0x080053f8       0x74 CMakeFiles/sendai_2025.dir/Src/main.cpp.obj
                0x080053f8                std::_Function_base::_Base_manager<Subscriber<UartLink, float, float, float>::Subscriber(UartLink&, unsigned char)::{lambda(unsigned char*, unsigned int)#1}>::_M_manager(std::_Any_data&, std::_Any_data const&, std::_Manager_operation)
                0x080053f8                std::_Function_base::_Base_manager<Subscriber<UartLink, float, float, float>::Subscriber(UartLink&, unsigned char)::{lambda(unsigned char*, unsigned int)#2}>::_M_manager(std::_Any_data&, std::_Any_data const&, std::_Manager_operation)
 .text._ZNKSt9_Any_data9_M_accessIPFvfffEEERKT_v
                0x0800546c       0x18 CMakeFiles/sendai_2025.dir/Src/main.cpp.obj
                0x0800546c                void (* const&std::_Any_data::_M_access<void (*)(float, float, float)>() const)(float, float, float)
 .text._ZSt11__addressofIKPFvfffEEPT_RS3_
                0x08005484       0x16 CMakeFiles/sendai_2025.dir/Src/main.cpp.obj
                0x08005484                void (* const*std::__addressof<void (* const)(float, float, float)>(void (* const&)(float, float, float)))(float, float, float)
 .text._ZSt7forwardIRPFvfffEEOT_RNSt16remove_referenceIS3_E4typeE
                0x0800549a       0x16 CMakeFiles/sendai_2025.dir/Src/main.cpp.obj
                0x0800549a                void (*&std::forward<void (*&)(float, float, float)>(std::remove_reference<void (*&)(float, float, float)>::type&))(float, float, float)
 .text._ZSt13__invoke_implIvRPFvfffEJfffEET_St14__invoke_otherOT0_DpOT1_
                0x080054b0       0x5a CMakeFiles/sendai_2025.dir/Src/main.cpp.obj
                0x080054b0                void std::__invoke_impl<void, void (*&)(float, float, float), float, float, float>(std::__invoke_other, void (*&)(float, float, float), float&&, float&&, float&&)
 .text._ZNSt9_Any_data9_M_accessIPKSt9type_infoEERT_v
                0x0800550a       0x18 CMakeFiles/sendai_2025.dir/Src/main.cpp.obj
                0x0800550a                std::type_info const*& std::_Any_data::_M_access<std::type_info const*>()
 .text._ZNSt14_Function_base13_Base_managerIPFvfffEE15_M_init_functorIRKS2_EEvRSt9_Any_dataOT_
                0x08005522       0x24 CMakeFiles/sendai_2025.dir/Src/main.cpp.obj
                0x08005522                void std::_Function_base::_Base_manager<void (*)(float, float, float)>::_M_init_functor<void (* const&)(float, float, float)>(std::_Any_data&, void (* const&)(float, float, float))
 .text._ZNSt14_Function_base13_Base_managerIPFvfffEE10_M_destroyERSt9_Any_dataSt17integral_constantIbLb1EE
                0x08005546       0x18 CMakeFiles/sendai_2025.dir/Src/main.cpp.obj
                0x08005546                std::_Function_base::_Base_manager<void (*)(float, float, float)>::_M_destroy(std::_Any_data&, std::integral_constant<bool, true>)
 .text._ZNKSt8functionIFvfffEEcvbEv
                0x0800555e       0x20 CMakeFiles/sendai_2025.dir/Src/main.cpp.obj
                0x0800555e                std::function<void (float, float, float)>::operator bool() const
 .text._ZNSt14_Function_base13_Base_managerIZN10SubscriberI8UartLinkJfffEEC4ERS2_hEUlfffE_E9_M_createIS5_EEvRSt9_Any_dataOT_St17integral_constantIbLb1EE
                0x0800557e       0x2a CMakeFiles/sendai_2025.dir/Src/main.cpp.obj
                0x0800557e                void std::_Function_base::_Base_manager<Subscriber<UartLink, float, float, float>::Subscriber(UartLink&, unsigned char)::{lambda(float, float, float)#1}>::_M_create<Subscriber<UartLink, float, float, float>::Subscriber(UartLink&, unsigned char)::{lambda(float, float, float)#1}>(std::_Any_data&, Subscriber<UartLink, float, float, float>::Subscriber(UartLink&, unsigned char)::{lambda(float, float, float)#1}&&, std::integral_constant<bool, true>)
 .text._ZNSt14_Function_base13_Base_managerIZN10SubscriberI8UartLinkJfffEEC4ERS2_hEUlfffE_E14_M_get_pointerERKSt9_Any_data
                0x080055a8       0x20 CMakeFiles/sendai_2025.dir/Src/main.cpp.obj
                0x080055a8                std::_Function_base::_Base_manager<Subscriber<UartLink, float, float, float>::Subscriber(UartLink&, unsigned char)::{lambda(float, float, float)#1}>::_M_get_pointer(std::_Any_data const&)
 .text._ZSt10__invoke_rIvRZN10SubscriberI8UartLinkJfffEEC4ERS1_hEUlfffE_JfffEENSt9enable_ifIX16is_invocable_r_vIT_T0_DpT1_EES7_E4typeEOS8_DpOS9_
                0x080055c8       0x48 CMakeFiles/sendai_2025.dir/Src/main.cpp.obj
                0x080055c8                std::enable_if<is_invocable_r_v<void, Subscriber<UartLink, float, float, float>::Subscriber(UartLink&, unsigned char)::{lambda(float, float, float)#1}&, float, float, float>, void>::type std::__invoke_r<void, Subscriber<UartLink, float, float, float>::Subscriber(UartLink&, unsigned char)::{lambda(float, float, float)#1}&, float, float, float>(Subscriber<UartLink, float, float, float>::Subscriber(UartLink&, unsigned char)::{lambda(float, float, float)#1}&, float&&, float&&, float&&)
 .text._ZNSt9_Any_data9_M_accessIPZN10SubscriberI8UartLinkJfffEEC4ERS2_hEUlfffE_EERT_v
                0x08005610       0x18 CMakeFiles/sendai_2025.dir/Src/main.cpp.obj
                0x08005610                Subscriber<UartLink, float, float, float>::Subscriber(UartLink&, unsigned char)::{lambda(float, float, float)#1}*& std::_Any_data::_M_access<Subscriber<UartLink, float, float, float>::Subscriber(UartLink&, unsigned char)::{lambda(float, float, float)#1}*>()
 .text._ZNSt14_Function_base13_Base_managerIZN10SubscriberI8UartLinkJfffEEC4ERS2_hEUlfffE_E10_M_managerERSt9_Any_dataRKS7_St18_Manager_operation
                0x08005628       0x74 CMakeFiles/sendai_2025.dir/Src/main.cpp.obj
                0x08005628                std::_Function_base::_Base_manager<Subscriber<UartLink, float, float, float>::Subscriber(UartLink&, unsigned char)::{lambda(float, float, float)#1}>::_M_manager(std::_Any_data&, std::_Any_data const&, std::_Manager_operation)
 .text._ZSt4moveIRSt9_Any_dataEONSt16remove_referenceIT_E4typeEOS3_
                0x0800569c       0x16 CMakeFiles/sendai_2025.dir/Src/main.cpp.obj
                0x0800569c                std::remove_reference<std::_Any_data&>::type&& std::move<std::_Any_data&>(std::_Any_data&)
 .text._ZSt4moveIRPFbRSt9_Any_dataRKS0_St18_Manager_operationEEONSt16remove_referenceIT_E4typeEOS9_
                0x080056b2       0x16 CMakeFiles/sendai_2025.dir/Src/main.cpp.obj
                0x080056b2                std::remove_reference<bool (*&)(std::_Any_data&, std::_Any_data const&, std::_Manager_operation)>::type&& std::move<bool (*&)(std::_Any_data&, std::_Any_data const&, std::_Manager_operation)>(bool (*&)(std::_Any_data&, std::_Any_data const&, std::_Manager_operation))
 .text._ZSt4moveIRPFvRKSt9_Any_dataOfS3_S3_EEONSt16remove_referenceIT_E4typeEOS8_
                0x080056c8       0x16 CMakeFiles/sendai_2025.dir/Src/main.cpp.obj
                0x080056c8                std::remove_reference<void (*&)(std::_Any_data const&, float&&, float&&, float&&)>::type&& std::move<void (*&)(std::_Any_data const&, float&&, float&&, float&&)>(void (*&)(std::_Any_data const&, float&&, float&&, float&&))
 .text._Z11deserializeIfENSt9enable_ifIXsrSt13is_arithmeticIT_E5valueEvE4typeEPKhPS2_Pj
                0x080056de       0x28 CMakeFiles/sendai_2025.dir/Src/main.cpp.obj
                0x080056de                std::enable_if<std::is_arithmetic<float>::value, void>::type deserialize<float>(unsigned char const*, float*, unsigned int*)
 .text._ZNSt11_Tuple_implILj0EJfffEE7_M_headERS0_
                0x08005706       0x1c CMakeFiles/sendai_2025.dir/Src/main.cpp.obj
                0x08005706                std::_Tuple_impl<0u, float, float, float>::_M_head(std::_Tuple_impl<0u, float, float, float>&)
 .text._ZNSt11_Tuple_implILj1EJffEE7_M_headERS0_
                0x08005722       0x1c CMakeFiles/sendai_2025.dir/Src/main.cpp.obj
                0x08005722                std::_Tuple_impl<1u, float, float>::_M_head(std::_Tuple_impl<1u, float, float>&)
 .text._ZNSt11_Tuple_implILj2EJfEE7_M_headERS0_
                0x0800573e       0x1a CMakeFiles/sendai_2025.dir/Src/main.cpp.obj
                0x0800573e                std::_Tuple_impl<2u, float>::_M_head(std::_Tuple_impl<2u, float>&)
 .text._ZNKSt8functionIFvfffEEclEfff
                0x08005758       0x60 CMakeFiles/sendai_2025.dir/Src/main.cpp.obj
                0x08005758                std::function<void (float, float, float)>::operator()(float, float, float) const
 .text._ZNKSt9_Any_data9_M_accessIZN10SubscriberI8UartLinkJfffEEC4ERS2_hEUlPhjE_EERKT_v
                0x080057b8       0x18 CMakeFiles/sendai_2025.dir/Src/main.cpp.obj
                0x080057b8                Subscriber<UartLink, float, float, float>::Subscriber(UartLink&, unsigned char)::{lambda(unsigned char*, unsigned int)#2} const& std::_Any_data::_M_access<Subscriber<UartLink, float, float, float>::Subscriber(UartLink&, unsigned char)::{lambda(unsigned char*, unsigned int)#2}>() const
                0x080057b8                Subscriber<UartLink, float, float, float>::Subscriber(UartLink&, unsigned char)::{lambda(unsigned char*, unsigned int)#1} const& std::_Any_data::_M_access<Subscriber<UartLink, float, float, float>::Subscriber(UartLink&, unsigned char)::{lambda(unsigned char*, unsigned int)#1}>() const
 .text._ZSt11__addressofIKZN10SubscriberI8UartLinkJfffEEC4ERS1_hEUlPhjE_EPT_RS7_
                0x080057d0       0x16 CMakeFiles/sendai_2025.dir/Src/main.cpp.obj
                0x080057d0                Subscriber<UartLink, float, float, float>::Subscriber(UartLink&, unsigned char)::{lambda(unsigned char*, unsigned int)#1} const* std::__addressof<Subscriber<UartLink, float, float, float>::Subscriber(UartLink&, unsigned char)::{lambda(unsigned char*, unsigned int)#1} const>(Subscriber<UartLink, float, float, float>::Subscriber(UartLink&, unsigned char)::{lambda(unsigned char*, unsigned int)#1} const&)
                0x080057d0                Subscriber<UartLink, float, float, float>::Subscriber(UartLink&, unsigned char)::{lambda(unsigned char*, unsigned int)#2} const* std::__addressof<Subscriber<UartLink, float, float, float>::Subscriber(UartLink&, unsigned char)::{lambda(unsigned char*, unsigned int)#2} const>(Subscriber<UartLink, float, float, float>::Subscriber(UartLink&, unsigned char)::{lambda(unsigned char*, unsigned int)#2} const&)
 .text._ZSt7forwardIRZN10SubscriberI8UartLinkJfffEEC4ERS1_hEUlPhjE_EOT_RNSt16remove_referenceIS7_E4typeE
                0x080057e6       0x16 CMakeFiles/sendai_2025.dir/Src/main.cpp.obj
                0x080057e6                Subscriber<UartLink, float, float, float>::Subscriber(UartLink&, unsigned char)::{lambda(unsigned char*, unsigned int)#1}& std::forward<Subscriber<UartLink, float, float, float>::Subscriber(UartLink&, unsigned char)::{lambda(unsigned char*, unsigned int)#1}&>(std::remove_reference<Subscriber<UartLink, float, float, float>::Subscriber(UartLink&, unsigned char)::{lambda(unsigned char*, unsigned int)#1}&>::type&)
                0x080057e6                Subscriber<UartLink, float, float, float>::Subscriber(UartLink&, unsigned char)::{lambda(unsigned char*, unsigned int)#2}& std::forward<Subscriber<UartLink, float, float, float>::Subscriber(UartLink&, unsigned char)::{lambda(unsigned char*, unsigned int)#2}&>(std::remove_reference<Subscriber<UartLink, float, float, float>::Subscriber(UartLink&, unsigned char)::{lambda(unsigned char*, unsigned int)#2}&>::type&)
 .text._ZSt13__invoke_implIvRZN10SubscriberI8UartLinkJfffEEC4ERS1_hEUlPhjE_JS4_jEET_St14__invoke_otherOT0_DpOT1_
                0x080057fc       0x3c CMakeFiles/sendai_2025.dir/Src/main.cpp.obj
                0x080057fc                void std::__invoke_impl<void, Subscriber<UartLink, float, float, float>::Subscriber(UartLink&, unsigned char)::{lambda(unsigned char*, unsigned int)#2}&, unsigned char*, unsigned int>(std::__invoke_other, Subscriber<UartLink, float, float, float>::Subscriber(UartLink&, unsigned char)::{lambda(unsigned char*, unsigned int)#2}&, unsigned char*&&, unsigned int&&)
                0x080057fc                void std::__invoke_impl<void, Subscriber<UartLink, float, float, float>::Subscriber(UartLink&, unsigned char)::{lambda(unsigned char*, unsigned int)#1}&, unsigned char*, unsigned int>(std::__invoke_other, Subscriber<UartLink, float, float, float>::Subscriber(UartLink&, unsigned char)::{lambda(unsigned char*, unsigned int)#1}&, unsigned char*&&, unsigned int&&)
 .text._ZNSt14_Function_base13_Base_managerIZN10SubscriberI8UartLinkJfffEEC4ERS2_hEUlPhjE_E15_M_init_functorIRKS6_EEvRSt9_Any_dataOT_
                0x08005838       0x24 CMakeFiles/sendai_2025.dir/Src/main.cpp.obj
                0x08005838                void std::_Function_base::_Base_manager<Subscriber<UartLink, float, float, float>::Subscriber(UartLink&, unsigned char)::{lambda(unsigned char*, unsigned int)#2}>::_M_init_functor<Subscriber<UartLink, float, float, float>::Subscriber(UartLink&, unsigned char)::{lambda(unsigned char*, unsigned int)#2} const&>(std::_Any_data&, Subscriber<UartLink, float, float, float>::Subscriber(UartLink&, unsigned char)::{lambda(unsigned char*, unsigned int)#2} const&)
                0x08005838                void std::_Function_base::_Base_manager<Subscriber<UartLink, float, float, float>::Subscriber(UartLink&, unsigned char)::{lambda(unsigned char*, unsigned int)#1}>::_M_init_functor<Subscriber<UartLink, float, float, float>::Subscriber(UartLink&, unsigned char)::{lambda(unsigned char*, unsigned int)#1} const&>(std::_Any_data&, Subscriber<UartLink, float, float, float>::Subscriber(UartLink&, unsigned char)::{lambda(unsigned char*, unsigned int)#1} const&)
 .text._ZNSt14_Function_base13_Base_managerIZN10SubscriberI8UartLinkJfffEEC4ERS2_hEUlPhjE_E10_M_destroyERSt9_Any_dataSt17integral_constantIbLb1EE
                0x0800585c       0x18 CMakeFiles/sendai_2025.dir/Src/main.cpp.obj
                0x0800585c                std::_Function_base::_Base_manager<Subscriber<UartLink, float, float, float>::Subscriber(UartLink&, unsigned char)::{lambda(unsigned char*, unsigned int)#2}>::_M_destroy(std::_Any_data&, std::integral_constant<bool, true>)
                0x0800585c                std::_Function_base::_Base_manager<Subscriber<UartLink, float, float, float>::Subscriber(UartLink&, unsigned char)::{lambda(unsigned char*, unsigned int)#1}>::_M_destroy(std::_Any_data&, std::integral_constant<bool, true>)
 .text._ZSt7forwardIRKPFvfffEEOT_RNSt16remove_referenceIS4_E4typeE
                0x08005874       0x16 CMakeFiles/sendai_2025.dir/Src/main.cpp.obj
                0x08005874                void (* const&std::forward<void (* const&)(float, float, float)>(std::remove_reference<void (* const&)(float, float, float)>::type&))(float, float, float)
 .text._ZNSt14_Function_base13_Base_managerIPFvfffEE9_M_createIRKS2_EEvRSt9_Any_dataOT_St17integral_constantIbLb1EE
                0x0800588a       0x32 CMakeFiles/sendai_2025.dir/Src/main.cpp.obj
                0x0800588a                void std::_Function_base::_Base_manager<void (*)(float, float, float)>::_M_create<void (* const&)(float, float, float)>(std::_Any_data&, void (* const&)(float, float, float), std::integral_constant<bool, true>)
 .text._ZNSt9_Any_data9_M_accessIPFvfffEEERT_v
                0x080058bc       0x18 CMakeFiles/sendai_2025.dir/Src/main.cpp.obj
                0x080058bc                void (*&std::_Any_data::_M_access<void (*)(float, float, float)>())(float, float, float)
 .text._ZNKSt9_Any_data9_M_accessIZN10SubscriberI8UartLinkJfffEEC4ERS2_hEUlfffE_EERKT_v
                0x080058d4       0x18 CMakeFiles/sendai_2025.dir/Src/main.cpp.obj
                0x080058d4                Subscriber<UartLink, float, float, float>::Subscriber(UartLink&, unsigned char)::{lambda(float, float, float)#1} const& std::_Any_data::_M_access<Subscriber<UartLink, float, float, float>::Subscriber(UartLink&, unsigned char)::{lambda(float, float, float)#1}>() const
 .text._ZSt11__addressofIKZN10SubscriberI8UartLinkJfffEEC4ERS1_hEUlfffE_EPT_RS6_
                0x080058ec       0x16 CMakeFiles/sendai_2025.dir/Src/main.cpp.obj
                0x080058ec                Subscriber<UartLink, float, float, float>::Subscriber(UartLink&, unsigned char)::{lambda(float, float, float)#1} const* std::__addressof<Subscriber<UartLink, float, float, float>::Subscriber(UartLink&, unsigned char)::{lambda(float, float, float)#1} const>(Subscriber<UartLink, float, float, float>::Subscriber(UartLink&, unsigned char)::{lambda(float, float, float)#1} const&)
 .text._ZSt7forwardIRZN10SubscriberI8UartLinkJfffEEC4ERS1_hEUlfffE_EOT_RNSt16remove_referenceIS6_E4typeE
                0x08005902       0x16 CMakeFiles/sendai_2025.dir/Src/main.cpp.obj
                0x08005902                Subscriber<UartLink, float, float, float>::Subscriber(UartLink&, unsigned char)::{lambda(float, float, float)#1}& std::forward<Subscriber<UartLink, float, float, float>::Subscriber(UartLink&, unsigned char)::{lambda(float, float, float)#1}&>(std::remove_reference<Subscriber<UartLink, float, float, float>::Subscriber(UartLink&, unsigned char)::{lambda(float, float, float)#1}&>::type&)
 .text._ZSt13__invoke_implIvRZN10SubscriberI8UartLinkJfffEEC4ERS1_hEUlfffE_JfffEET_St14__invoke_otherOT0_DpOT1_
                0x08005918       0x5c CMakeFiles/sendai_2025.dir/Src/main.cpp.obj
                0x08005918                void std::__invoke_impl<void, Subscriber<UartLink, float, float, float>::Subscriber(UartLink&, unsigned char)::{lambda(float, float, float)#1}&, float, float, float>(std::__invoke_other, Subscriber<UartLink, float, float, float>::Subscriber(UartLink&, unsigned char)::{lambda(float, float, float)#1}&, float&&, float&&, float&&)
 .text._ZNSt14_Function_base13_Base_managerIZN10SubscriberI8UartLinkJfffEEC4ERS2_hEUlfffE_E15_M_init_functorIRKS5_EEvRSt9_Any_dataOT_
                0x08005974       0x24 CMakeFiles/sendai_2025.dir/Src/main.cpp.obj
                0x08005974                void std::_Function_base::_Base_manager<Subscriber<UartLink, float, float, float>::Subscriber(UartLink&, unsigned char)::{lambda(float, float, float)#1}>::_M_init_functor<Subscriber<UartLink, float, float, float>::Subscriber(UartLink&, unsigned char)::{lambda(float, float, float)#1} const&>(std::_Any_data&, Subscriber<UartLink, float, float, float>::Subscriber(UartLink&, unsigned char)::{lambda(float, float, float)#1} const&)
 .text._ZNSt14_Function_base13_Base_managerIZN10SubscriberI8UartLinkJfffEEC4ERS2_hEUlfffE_E10_M_destroyERSt9_Any_dataSt17integral_constantIbLb1EE
                0x08005998       0x18 CMakeFiles/sendai_2025.dir/Src/main.cpp.obj
                0x08005998                std::_Function_base::_Base_manager<Subscriber<UartLink, float, float, float>::Subscriber(UartLink&, unsigned char)::{lambda(float, float, float)#1}>::_M_destroy(std::_Any_data&, std::integral_constant<bool, true>)
 .text._ZNSt10_Head_baseILj0EfLb0EE7_M_headERS0_
                0x080059b0       0x16 CMakeFiles/sendai_2025.dir/Src/main.cpp.obj
                0x080059b0                std::_Head_base<0u, float, false>::_M_head(std::_Head_base<0u, float, false>&)
 .text._ZNSt10_Head_baseILj1EfLb0EE7_M_headERS0_
                0x080059c6       0x16 CMakeFiles/sendai_2025.dir/Src/main.cpp.obj
                0x080059c6                std::_Head_base<1u, float, false>::_M_head(std::_Head_base<1u, float, false>&)
 .text._ZNSt10_Head_baseILj2EfLb0EE7_M_headERS0_
                0x080059dc       0x16 CMakeFiles/sendai_2025.dir/Src/main.cpp.obj
                0x080059dc                std::_Head_base<2u, float, false>::_M_head(std::_Head_base<2u, float, false>&)
 .text._ZSt7forwardIRKZN10SubscriberI8UartLinkJfffEEC4ERS1_hEUlPhjE_EOT_RNSt16remove_referenceIS8_E4typeE
                0x080059f2       0x16 CMakeFiles/sendai_2025.dir/Src/main.cpp.obj
                0x080059f2                Subscriber<UartLink, float, float, float>::Subscriber(UartLink&, unsigned char)::{lambda(unsigned char*, unsigned int)#2} const& std::forward<Subscriber<UartLink, float, float, float>::Subscriber(UartLink&, unsigned char)::{lambda(unsigned char*, unsigned int)#2} const&>(std::remove_reference<Subscriber<UartLink, float, float, float>::Subscriber(UartLink&, unsigned char)::{lambda(unsigned char*, unsigned int)#2} const&>::type&)
                0x080059f2                Subscriber<UartLink, float, float, float>::Subscriber(UartLink&, unsigned char)::{lambda(unsigned char*, unsigned int)#1} const& std::forward<Subscriber<UartLink, float, float, float>::Subscriber(UartLink&, unsigned char)::{lambda(unsigned char*, unsigned int)#1} const&>(std::remove_reference<Subscriber<UartLink, float, float, float>::Subscriber(UartLink&, unsigned char)::{lambda(unsigned char*, unsigned int)#1} const&>::type&)
 .text._ZNSt14_Function_base13_Base_managerIZN10SubscriberI8UartLinkJfffEEC4ERS2_hEUlPhjE_E9_M_createIRKS6_EEvRSt9_Any_dataOT_St17integral_constantIbLb1EE
                0x08005a08       0x32 CMakeFiles/sendai_2025.dir/Src/main.cpp.obj
                0x08005a08                void std::_Function_base::_Base_manager<Subscriber<UartLink, float, float, float>::Subscriber(UartLink&, unsigned char)::{lambda(unsigned char*, unsigned int)#1}>::_M_create<Subscriber<UartLink, float, float, float>::Subscriber(UartLink&, unsigned char)::{lambda(unsigned char*, unsigned int)#1} const&>(std::_Any_data&, Subscriber<UartLink, float, float, float>::Subscriber(UartLink&, unsigned char)::{lambda(unsigned char*, unsigned int)#1} const&, std::integral_constant<bool, true>)
                0x08005a08                void std::_Function_base::_Base_manager<Subscriber<UartLink, float, float, float>::Subscriber(UartLink&, unsigned char)::{lambda(unsigned char*, unsigned int)#2}>::_M_create<Subscriber<UartLink, float, float, float>::Subscriber(UartLink&, unsigned char)::{lambda(unsigned char*, unsigned int)#2} const&>(std::_Any_data&, Subscriber<UartLink, float, float, float>::Subscriber(UartLink&, unsigned char)::{lambda(unsigned char*, unsigned int)#2} const&, std::integral_constant<bool, true>)
 .text._ZNSt9_Any_data9_M_accessIZN10SubscriberI8UartLinkJfffEEC4ERS2_hEUlPhjE_EERT_v
                0x08005a3a       0x18 CMakeFiles/sendai_2025.dir/Src/main.cpp.obj
                0x08005a3a                Subscriber<UartLink, float, float, float>::Subscriber(UartLink&, unsigned char)::{lambda(unsigned char*, unsigned int)#2}& std::_Any_data::_M_access<Subscriber<UartLink, float, float, float>::Subscriber(UartLink&, unsigned char)::{lambda(unsigned char*, unsigned int)#2}>()
                0x08005a3a                Subscriber<UartLink, float, float, float>::Subscriber(UartLink&, unsigned char)::{lambda(unsigned char*, unsigned int)#1}& std::_Any_data::_M_access<Subscriber<UartLink, float, float, float>::Subscriber(UartLink&, unsigned char)::{lambda(unsigned char*, unsigned int)#1}>()
 .text._ZSt7forwardIRKZN10SubscriberI8UartLinkJfffEEC4ERS1_hEUlfffE_EOT_RNSt16remove_referenceIS7_E4typeE
                0x08005a52       0x16 CMakeFiles/sendai_2025.dir/Src/main.cpp.obj
                0x08005a52                Subscriber<UartLink, float, float, float>::Subscriber(UartLink&, unsigned char)::{lambda(float, float, float)#1} const& std::forward<Subscriber<UartLink, float, float, float>::Subscriber(UartLink&, unsigned char)::{lambda(float, float, float)#1} const&>(std::remove_reference<Subscriber<UartLink, float, float, float>::Subscriber(UartLink&, unsigned char)::{lambda(float, float, float)#1} const&>::type&)
 .text._ZNSt14_Function_base13_Base_managerIZN10SubscriberI8UartLinkJfffEEC4ERS2_hEUlfffE_E9_M_createIRKS5_EEvRSt9_Any_dataOT_St17integral_constantIbLb1EE
                0x08005a68       0x2a CMakeFiles/sendai_2025.dir/Src/main.cpp.obj
                0x08005a68                void std::_Function_base::_Base_manager<Subscriber<UartLink, float, float, float>::Subscriber(UartLink&, unsigned char)::{lambda(float, float, float)#1}>::_M_create<Subscriber<UartLink, float, float, float>::Subscriber(UartLink&, unsigned char)::{lambda(float, float, float)#1} const&>(std::_Any_data&, Subscriber<UartLink, float, float, float>::Subscriber(UartLink&, unsigned char)::{lambda(float, float, float)#1} const&, std::integral_constant<bool, true>)
 .text._ZNSt9_Any_data9_M_accessIZN10SubscriberI8UartLinkJfffEEC4ERS2_hEUlfffE_EERT_v
                0x08005a92       0x18 CMakeFiles/sendai_2025.dir/Src/main.cpp.obj
                0x08005a92                Subscriber<UartLink, float, float, float>::Subscriber(UartLink&, unsigned char)::{lambda(float, float, float)#1}& std::_Any_data::_M_access<Subscriber<UartLink, float, float, float>::Subscriber(UartLink&, unsigned char)::{lambda(float, float, float)#1}>()
 .text._ZNSt3mapIhSt6vectorISt8functionIFvPhjEESaIS4_EESt4lessIhESaISt4pairIKhS6_EEED2Ev
                0x08005aaa       0x1a CMakeFiles/sendai_2025.dir/Src/main.cpp.obj
                0x08005aaa                std::map<unsigned char, std::vector<std::function<void (unsigned char*, unsigned int)>, std::allocator<std::function<void (unsigned char*, unsigned int)> > >, std::less<unsigned char>, std::allocator<std::pair<unsigned char const, std::vector<std::function<void (unsigned char*, unsigned int)>, std::allocator<std::function<void (unsigned char*, unsigned int)> > > > > >::~map()
                0x08005aaa                std::map<unsigned char, std::vector<std::function<void (unsigned char*, unsigned int)>, std::allocator<std::function<void (unsigned char*, unsigned int)> > >, std::less<unsigned char>, std::allocator<std::pair<unsigned char const, std::vector<std::function<void (unsigned char*, unsigned int)>, std::allocator<std::function<void (unsigned char*, unsigned int)> > > > > >::~map()
 .text._ZNSt3mapIhSt6vectorISt5tupleIJmSt8functionIFvvEEEESaIS5_EESt4lessIhESaISt4pairIKhS7_EEED2Ev
                0x08005ac4       0x1a CMakeFiles/sendai_2025.dir/Src/main.cpp.obj